[Fri Jun 21 14:49:26 2024] Initializing cgroup subsys cpuset
[Fri Jun 21 14:49:26 2024] Initializing cgroup subsys cpu
[Fri Jun 21 14:49:26 2024] Initializing cgroup subsys cpuacct
[Fri Jun 21 14:49:26 2024] Linux version 3.10.0-693.el7.x86_64 (builder@kbuilder.dev.centos.org) (gcc version 4.8.5 20150623 (Red Hat 4.8.5-16) (GCC) ) #1 SMP Tue Aug 22 21:09:27 UTC 2017
[Fri Jun 21 14:49:26 2024] Command line: BOOT_IMAGE=/vmlinuz-3.10.0-693.el7.x86_64 root=UUID=856228c8-e86f-45c8-9b97-3eb9d882e294 ro crashkernel=auto rhgb quiet LANG=en_US.UTF-8
[Fri Jun 21 14:49:26 2024] e820: BIOS-provided physical RAM map:
[Fri Jun 21 14:49:26 2024] BIOS-e820: [mem 0x0000000000000000-0x000000000003dfff] usable
[Fri Jun 21 14:49:26 2024] BIOS-e820: [mem 0x000000000003e000-0x000000000003efff] reserved
[Fri Jun 21 14:49:26 2024] BIOS-e820: [mem 0x000000000003f000-0x000000000009ffff] usable
[Fri Jun 21 14:49:26 2024] BIOS-e820: [mem 0x00000000000a0000-0x00000000000fffff] reserved
[Fri Jun 21 14:49:26 2024] BIOS-e820: [mem 0x0000000000100000-0x0000000065ac6fff] usable
[Fri Jun 21 14:49:26 2024] BIOS-e820: [mem 0x0000000065ac7000-0x0000000067bc6fff] reserved
[Fri Jun 21 14:49:26 2024] BIOS-e820: [mem 0x0000000067bc7000-0x00000000684c6fff] ACPI data
[Fri Jun 21 14:49:26 2024] BIOS-e820: [mem 0x00000000684c7000-0x0000000068906fff] ACPI NVS
[Fri Jun 21 14:49:26 2024] BIOS-e820: [mem 0x0000000068907000-0x000000006c7fefff] reserved
[Fri Jun 21 14:49:26 2024] BIOS-e820: [mem 0x000000006c7ff000-0x000000006f7fffff] usable
[Fri Jun 21 14:49:26 2024] BIOS-e820: [mem 0x000000006f800000-0x000000008fffffff] reserved
[Fri Jun 21 14:49:26 2024] BIOS-e820: [mem 0x00000000fd000000-0x00000000fe7fffff] reserved
[Fri Jun 21 14:49:26 2024] BIOS-e820: [mem 0x00000000fed20000-0x00000000fed44fff] reserved
[Fri Jun 21 14:49:26 2024] BIOS-e820: [mem 0x00000000ff000000-0x00000000ffffffff] reserved
[Fri Jun 21 14:49:26 2024] BIOS-e820: [mem 0x0000000100000000-0x000000207fffffff] usable
[Fri Jun 21 14:49:26 2024] NX (Execute Disable) protection: active
[Fri Jun 21 14:49:26 2024] e820: update [mem 0x5e546018-0x5e54e057] usable ==> usable
[Fri Jun 21 14:49:26 2024] e820: update [mem 0x5e3c5018-0x5e3f6a57] usable ==> usable
[Fri Jun 21 14:49:26 2024] e820: update [mem 0x5e15b018-0x5e192a57] usable ==> usable
[Fri Jun 21 14:49:26 2024] e820: update [mem 0x5e123018-0x5e15aa57] usable ==> usable
[Fri Jun 21 14:49:26 2024] e820: update [mem 0x5e0ee018-0x5e122c57] usable ==> usable
[Fri Jun 21 14:49:26 2024] e820: update [mem 0x5e0b9018-0x5e0edc57] usable ==> usable
[Fri Jun 21 14:49:26 2024] e820: update [mem 0x5e094018-0x5e0b8657] usable ==> usable
[Fri Jun 21 14:49:26 2024] e820: update [mem 0x5e06f018-0x5e093657] usable ==> usable
[Fri Jun 21 14:49:26 2024] extended physical RAM map:
[Fri Jun 21 14:49:26 2024] reserve setup_data: [mem 0x0000000000000000-0x000000000003dfff] usable
[Fri Jun 21 14:49:26 2024] reserve setup_data: [mem 0x000000000003e000-0x000000000003efff] reserved
[Fri Jun 21 14:49:26 2024] reserve setup_data: [mem 0x000000000003f000-0x000000000009ffff] usable
[Fri Jun 21 14:49:26 2024] reserve setup_data: [mem 0x00000000000a0000-0x00000000000fffff] reserved
[Fri Jun 21 14:49:26 2024] reserve setup_data: [mem 0x0000000000100000-0x000000005e06f017] usable
[Fri Jun 21 14:49:26 2024] reserve setup_data: [mem 0x000000005e06f018-0x000000005e093657] usable
[Fri Jun 21 14:49:26 2024] reserve setup_data: [mem 0x000000005e093658-0x000000005e094017] usable
[Fri Jun 21 14:49:26 2024] reserve setup_data: [mem 0x000000005e094018-0x000000005e0b8657] usable
[Fri Jun 21 14:49:26 2024] reserve setup_data: [mem 0x000000005e0b8658-0x000000005e0b9017] usable
[Fri Jun 21 14:49:26 2024] reserve setup_data: [mem 0x000000005e0b9018-0x000000005e0edc57] usable
[Fri Jun 21 14:49:26 2024] reserve setup_data: [mem 0x000000005e0edc58-0x000000005e0ee017] usable
[Fri Jun 21 14:49:26 2024] reserve setup_data: [mem 0x000000005e0ee018-0x000000005e122c57] usable
[Fri Jun 21 14:49:26 2024] reserve setup_data: [mem 0x000000005e122c58-0x000000005e123017] usable
[Fri Jun 21 14:49:26 2024] reserve setup_data: [mem 0x000000005e123018-0x000000005e15aa57] usable
[Fri Jun 21 14:49:26 2024] reserve setup_data: [mem 0x000000005e15aa58-0x000000005e15b017] usable
[Fri Jun 21 14:49:26 2024] reserve setup_data: [mem 0x000000005e15b018-0x000000005e192a57] usable
[Fri Jun 21 14:49:26 2024] reserve setup_data: [mem 0x000000005e192a58-0x000000005e3c5017] usable
[Fri Jun 21 14:49:26 2024] reserve setup_data: [mem 0x000000005e3c5018-0x000000005e3f6a57] usable
[Fri Jun 21 14:49:26 2024] reserve setup_data: [mem 0x000000005e3f6a58-0x000000005e546017] usable
[Fri Jun 21 14:49:26 2024] reserve setup_data: [mem 0x000000005e546018-0x000000005e54e057] usable
[Fri Jun 21 14:49:26 2024] reserve setup_data: [mem 0x000000005e54e058-0x0000000065ac6fff] usable
[Fri Jun 21 14:49:26 2024] reserve setup_data: [mem 0x0000000065ac7000-0x0000000067bc6fff] reserved
[Fri Jun 21 14:49:26 2024] reserve setup_data: [mem 0x0000000067bc7000-0x00000000684c6fff] ACPI data
[Fri Jun 21 14:49:26 2024] reserve setup_data: [mem 0x00000000684c7000-0x0000000068906fff] ACPI NVS
[Fri Jun 21 14:49:26 2024] reserve setup_data: [mem 0x0000000068907000-0x000000006c7fefff] reserved
[Fri Jun 21 14:49:26 2024] reserve setup_data: [mem 0x000000006c7ff000-0x000000006f7fffff] usable
[Fri Jun 21 14:49:26 2024] reserve setup_data: [mem 0x000000006f800000-0x000000008fffffff] reserved
[Fri Jun 21 14:49:26 2024] reserve setup_data: [mem 0x00000000fd000000-0x00000000fe7fffff] reserved
[Fri Jun 21 14:49:26 2024] reserve setup_data: [mem 0x00000000fed20000-0x00000000fed44fff] reserved
[Fri Jun 21 14:49:26 2024] reserve setup_data: [mem 0x00000000ff000000-0x00000000ffffffff] reserved
[Fri Jun 21 14:49:26 2024] reserve setup_data: [mem 0x0000000100000000-0x000000207fffffff] usable
[Fri Jun 21 14:49:26 2024] efi: EFI v2.80 by American Megatrends International, LLC
[Fri Jun 21 14:49:26 2024] efi:  ACPI=0x688d3000  ACPI 2.0=0x688d3014  SMBIOS=0x6c291000  SMBIOS 3.0=0x6c290000  ESRT=0x5df7d898 
[Fri Jun 21 14:49:26 2024] efi: mem00: type=3, attr=0xf, range=[0x0000000000000000-0x0000000000008000) (0MB)
[Fri Jun 21 14:49:26 2024] efi: mem01: type=2, attr=0xf, range=[0x0000000000008000-0x0000000000009000) (0MB)
[Fri Jun 21 14:49:26 2024] efi: mem02: type=7, attr=0xf, range=[0x0000000000009000-0x000000000003e000) (0MB)
[Fri Jun 21 14:49:26 2024] efi: mem03: type=0, attr=0xf, range=[0x000000000003e000-0x000000000003f000) (0MB)
[Fri Jun 21 14:49:26 2024] efi: mem04: type=3, attr=0xf, range=[0x000000000003f000-0x000000000009f000) (0MB)
[Fri Jun 21 14:49:26 2024] efi: mem05: type=4, attr=0xf, range=[0x000000000009f000-0x00000000000a0000) (0MB)
[Fri Jun 21 14:49:26 2024] efi: mem06: type=7, attr=0xf, range=[0x0000000000100000-0x0000000001000000) (15MB)
[Fri Jun 21 14:49:26 2024] efi: mem07: type=2, attr=0xf, range=[0x0000000001000000-0x0000000002411000) (20MB)
[Fri Jun 21 14:49:26 2024] efi: mem08: type=7, attr=0xf, range=[0x0000000002411000-0x0000000035ef5000) (826MB)
[Fri Jun 21 14:49:26 2024] efi: mem09: type=2, attr=0xf, range=[0x0000000035ef5000-0x000000004ea21000) (395MB)
[Fri Jun 21 14:49:26 2024] efi: mem10: type=4, attr=0xf, range=[0x000000004ea21000-0x000000004eb21000) (1MB)
[Fri Jun 21 14:49:26 2024] efi: mem11: type=7, attr=0xf, range=[0x000000004eb21000-0x000000005dec0000) (243MB)
[Fri Jun 21 14:49:26 2024] efi: mem12: type=4, attr=0xf, range=[0x000000005dec0000-0x000000005dec2000) (0MB)
[Fri Jun 21 14:49:26 2024] efi: mem13: type=7, attr=0xf, range=[0x000000005dec2000-0x000000005decc000) (0MB)
[Fri Jun 21 14:49:26 2024] efi: mem14: type=4, attr=0xf, range=[0x000000005decc000-0x000000005decf000) (0MB)
[Fri Jun 21 14:49:26 2024] efi: mem15: type=7, attr=0xf, range=[0x000000005decf000-0x000000005ded1000) (0MB)
[Fri Jun 21 14:49:26 2024] efi: mem16: type=4, attr=0xf, range=[0x000000005ded1000-0x000000005ded5000) (0MB)
[Fri Jun 21 14:49:26 2024] efi: mem17: type=7, attr=0xf, range=[0x000000005ded5000-0x000000005dedc000) (0MB)
[Fri Jun 21 14:49:26 2024] efi: mem18: type=4, attr=0xf, range=[0x000000005dedc000-0x000000005dedd000) (0MB)
[Fri Jun 21 14:49:26 2024] efi: mem19: type=7, attr=0xf, range=[0x000000005dedd000-0x000000005dee7000) (0MB)
[Fri Jun 21 14:49:26 2024] efi: mem20: type=4, attr=0xf, range=[0x000000005dee7000-0x000000005deeb000) (0MB)
[Fri Jun 21 14:49:26 2024] efi: mem21: type=7, attr=0xf, range=[0x000000005deeb000-0x000000005deed000) (0MB)
[Fri Jun 21 14:49:26 2024] efi: mem22: type=4, attr=0xf, range=[0x000000005deed000-0x000000005deee000) (0MB)
[Fri Jun 21 14:49:26 2024] efi: mem23: type=7, attr=0xf, range=[0x000000005deee000-0x000000005deef000) (0MB)
[Fri Jun 21 14:49:26 2024] efi: mem24: type=4, attr=0xf, range=[0x000000005deef000-0x000000005def0000) (0MB)
[Fri Jun 21 14:49:26 2024] efi: mem25: type=7, attr=0xf, range=[0x000000005def0000-0x000000005def2000) (0MB)
[Fri Jun 21 14:49:26 2024] efi: mem26: type=4, attr=0xf, range=[0x000000005def2000-0x000000005df3f000) (0MB)
[Fri Jun 21 14:49:26 2024] efi: mem27: type=7, attr=0xf, range=[0x000000005df3f000-0x000000005df71000) (0MB)
[Fri Jun 21 14:49:26 2024] efi: mem28: type=4, attr=0xf, range=[0x000000005df71000-0x000000005df72000) (0MB)
[Fri Jun 21 14:49:26 2024] efi: mem29: type=7, attr=0xf, range=[0x000000005df72000-0x000000005df73000) (0MB)
[Fri Jun 21 14:49:26 2024] efi: mem30: type=4, attr=0xf, range=[0x000000005df73000-0x000000005df76000) (0MB)
[Fri Jun 21 14:49:26 2024] efi: mem31: type=7, attr=0xf, range=[0x000000005df76000-0x000000005df7b000) (0MB)
[Fri Jun 21 14:49:26 2024] efi: mem32: type=4, attr=0xf, range=[0x000000005df7b000-0x000000005df7c000) (0MB)
[Fri Jun 21 14:49:26 2024] efi: mem33: type=7, attr=0xf, range=[0x000000005df7c000-0x000000005df7d000) (0MB)
[Fri Jun 21 14:49:26 2024] efi: mem34: type=4, attr=0xf, range=[0x000000005df7d000-0x000000005df80000) (0MB)
[Fri Jun 21 14:49:26 2024] efi: mem35: type=7, attr=0xf, range=[0x000000005df80000-0x000000005df86000) (0MB)
[Fri Jun 21 14:49:26 2024] efi: mem36: type=4, attr=0xf, range=[0x000000005df86000-0x000000005e040000) (0MB)
[Fri Jun 21 14:49:26 2024] efi: mem37: type=7, attr=0xf, range=[0x000000005e040000-0x000000005e041000) (0MB)
[Fri Jun 21 14:49:26 2024] efi: mem38: type=4, attr=0xf, range=[0x000000005e041000-0x000000005e044000) (0MB)
[Fri Jun 21 14:49:26 2024] efi: mem39: type=7, attr=0xf, range=[0x000000005e044000-0x000000005e045000) (0MB)
[Fri Jun 21 14:49:26 2024] efi: mem40: type=4, attr=0xf, range=[0x000000005e045000-0x000000005e046000) (0MB)
[Fri Jun 21 14:49:26 2024] efi: mem41: type=7, attr=0xf, range=[0x000000005e046000-0x000000005e06f000) (0MB)
[Fri Jun 21 14:49:26 2024] efi: mem42: type=2, attr=0xf, range=[0x000000005e06f000-0x000000005e294000) (2MB)
[Fri Jun 21 14:49:26 2024] efi: mem43: type=1, attr=0xf, range=[0x000000005e294000-0x000000005e3bb000) (1MB)
[Fri Jun 21 14:49:26 2024] efi: mem44: type=7, attr=0xf, range=[0x000000005e3bb000-0x000000005e3c5000) (0MB)
[Fri Jun 21 14:49:26 2024] efi: mem45: type=2, attr=0xf, range=[0x000000005e3c5000-0x000000005e4f8000) (1MB)
[Fri Jun 21 14:49:26 2024] efi: mem46: type=4, attr=0xf, range=[0x000000005e4f8000-0x000000005e503000) (0MB)
[Fri Jun 21 14:49:26 2024] efi: mem47: type=7, attr=0xf, range=[0x000000005e503000-0x000000005e505000) (0MB)
[Fri Jun 21 14:49:26 2024] efi: mem48: type=4, attr=0xf, range=[0x000000005e505000-0x000000005e506000) (0MB)
[Fri Jun 21 14:49:26 2024] efi: mem49: type=7, attr=0xf, range=[0x000000005e506000-0x000000005e51a000) (0MB)
[Fri Jun 21 14:49:26 2024] efi: mem50: type=4, attr=0xf, range=[0x000000005e51a000-0x000000005e51b000) (0MB)
[Fri Jun 21 14:49:26 2024] efi: mem51: type=7, attr=0xf, range=[0x000000005e51b000-0x000000005e51c000) (0MB)
[Fri Jun 21 14:49:26 2024] efi: mem52: type=4, attr=0xf, range=[0x000000005e51c000-0x000000005e51d000) (0MB)
[Fri Jun 21 14:49:26 2024] efi: mem53: type=7, attr=0xf, range=[0x000000005e51d000-0x000000005e51e000) (0MB)
[Fri Jun 21 14:49:26 2024] efi: mem54: type=4, attr=0xf, range=[0x000000005e51e000-0x000000005e520000) (0MB)
[Fri Jun 21 14:49:26 2024] efi: mem55: type=7, attr=0xf, range=[0x000000005e520000-0x000000005e523000) (0MB)
[Fri Jun 21 14:49:26 2024] efi: mem56: type=4, attr=0xf, range=[0x000000005e523000-0x000000005e525000) (0MB)
[Fri Jun 21 14:49:26 2024] efi: mem57: type=7, attr=0xf, range=[0x000000005e525000-0x000000005e52a000) (0MB)
[Fri Jun 21 14:49:26 2024] efi: mem58: type=4, attr=0xf, range=[0x000000005e52a000-0x000000005e52b000) (0MB)
[Fri Jun 21 14:49:26 2024] efi: mem59: type=7, attr=0xf, range=[0x000000005e52b000-0x000000005e546000) (0MB)
[Fri Jun 21 14:49:26 2024] efi: mem60: type=2, attr=0xf, range=[0x000000005e546000-0x000000005e54f000) (0MB)
[Fri Jun 21 14:49:26 2024] efi: mem61: type=4, attr=0xf, range=[0x000000005e54f000-0x000000005e557000) (0MB)
[Fri Jun 21 14:49:26 2024] efi: mem62: type=7, attr=0xf, range=[0x000000005e557000-0x000000005e558000) (0MB)
[Fri Jun 21 14:49:26 2024] efi: mem63: type=4, attr=0xf, range=[0x000000005e558000-0x000000005e559000) (0MB)
[Fri Jun 21 14:49:26 2024] efi: mem64: type=7, attr=0xf, range=[0x000000005e559000-0x000000005e55a000) (0MB)
[Fri Jun 21 14:49:26 2024] efi: mem65: type=4, attr=0xf, range=[0x000000005e55a000-0x000000005e55b000) (0MB)
[Fri Jun 21 14:49:26 2024] efi: mem66: type=7, attr=0xf, range=[0x000000005e55b000-0x000000005e55d000) (0MB)
[Fri Jun 21 14:49:26 2024] efi: mem67: type=4, attr=0xf, range=[0x000000005e55d000-0x000000005e55e000) (0MB)
[Fri Jun 21 14:49:26 2024] efi: mem68: type=7, attr=0xf, range=[0x000000005e55e000-0x000000005e55f000) (0MB)
[Fri Jun 21 14:49:26 2024] efi: mem69: type=4, attr=0xf, range=[0x000000005e55f000-0x000000005e5ca000) (0MB)
[Fri Jun 21 14:49:26 2024] efi: mem70: type=7, attr=0xf, range=[0x000000005e5ca000-0x000000005e5cb000) (0MB)
[Fri Jun 21 14:49:26 2024] efi: mem71: type=4, attr=0xf, range=[0x000000005e5cb000-0x000000005e5e3000) (0MB)
[Fri Jun 21 14:49:26 2024] efi: mem72: type=7, attr=0xf, range=[0x000000005e5e3000-0x000000005e5e4000) (0MB)
[Fri Jun 21 14:49:26 2024] efi: mem73: type=4, attr=0xf, range=[0x000000005e5e4000-0x000000005e5e5000) (0MB)
[Fri Jun 21 14:49:26 2024] efi: mem74: type=7, attr=0xf, range=[0x000000005e5e5000-0x000000005e5e6000) (0MB)
[Fri Jun 21 14:49:26 2024] efi: mem75: type=4, attr=0xf, range=[0x000000005e5e6000-0x000000005e7d9000) (1MB)
[Fri Jun 21 14:49:26 2024] efi: mem76: type=7, attr=0xf, range=[0x000000005e7d9000-0x000000005e7dd000) (0MB)
[Fri Jun 21 14:49:26 2024] efi: mem77: type=4, attr=0xf, range=[0x000000005e7dd000-0x000000005e7e5000) (0MB)
[Fri Jun 21 14:49:26 2024] efi: mem78: type=7, attr=0xf, range=[0x000000005e7e5000-0x000000005e7e7000) (0MB)
[Fri Jun 21 14:49:26 2024] efi: mem79: type=4, attr=0xf, range=[0x000000005e7e7000-0x000000005e7e8000) (0MB)
[Fri Jun 21 14:49:26 2024] efi: mem80: type=7, attr=0xf, range=[0x000000005e7e8000-0x000000005e7e9000) (0MB)
[Fri Jun 21 14:49:26 2024] efi: mem81: type=4, attr=0xf, range=[0x000000005e7e9000-0x000000005e7ea000) (0MB)
[Fri Jun 21 14:49:26 2024] efi: mem82: type=7, attr=0xf, range=[0x000000005e7ea000-0x000000005e7ec000) (0MB)
[Fri Jun 21 14:49:26 2024] efi: mem83: type=4, attr=0xf, range=[0x000000005e7ec000-0x000000005e843000) (0MB)
[Fri Jun 21 14:49:26 2024] efi: mem84: type=7, attr=0xf, range=[0x000000005e843000-0x000000005e845000) (0MB)
[Fri Jun 21 14:49:26 2024] efi: mem85: type=4, attr=0xf, range=[0x000000005e845000-0x000000005e886000) (0MB)
[Fri Jun 21 14:49:26 2024] efi: mem86: type=7, attr=0xf, range=[0x000000005e886000-0x000000005e888000) (0MB)
[Fri Jun 21 14:49:26 2024] efi: mem87: type=2, attr=0xf, range=[0x000000005e888000-0x000000005e88a000) (0MB)
[Fri Jun 21 14:49:26 2024] efi: mem88: type=4, attr=0xf, range=[0x000000005e88a000-0x000000005e97c000) (0MB)
[Fri Jun 21 14:49:26 2024] efi: mem89: type=7, attr=0xf, range=[0x000000005e97c000-0x000000005e97d000) (0MB)
[Fri Jun 21 14:49:26 2024] efi: mem90: type=4, attr=0xf, range=[0x000000005e97d000-0x000000005eb19000) (1MB)
[Fri Jun 21 14:49:26 2024] efi: mem91: type=2, attr=0xf, range=[0x000000005eb19000-0x000000005eb1a000) (0MB)
[Fri Jun 21 14:49:26 2024] efi: mem92: type=4, attr=0xf, range=[0x000000005eb1a000-0x000000005fbce000) (16MB)
[Fri Jun 21 14:49:26 2024] efi: mem93: type=7, attr=0xf, range=[0x000000005fbce000-0x000000005fbdc000) (0MB)
[Fri Jun 21 14:49:26 2024] efi: mem94: type=4, attr=0xf, range=[0x000000005fbdc000-0x000000005fbe0000) (0MB)
[Fri Jun 21 14:49:26 2024] efi: mem95: type=7, attr=0xf, range=[0x000000005fbe0000-0x000000005fbe1000) (0MB)
[Fri Jun 21 14:49:26 2024] efi: mem96: type=4, attr=0xf, range=[0x000000005fbe1000-0x000000005fbe2000) (0MB)
[Fri Jun 21 14:49:26 2024] efi: mem97: type=7, attr=0xf, range=[0x000000005fbe2000-0x000000005fbef000) (0MB)
[Fri Jun 21 14:49:26 2024] efi: mem98: type=4, attr=0xf, range=[0x000000005fbef000-0x000000005fbf0000) (0MB)
[Fri Jun 21 14:49:26 2024] efi: mem99: type=7, attr=0xf, range=[0x000000005fbf0000-0x000000005fc5d000) (0MB)
[Fri Jun 21 14:49:26 2024] efi: mem100: type=4, attr=0xf, range=[0x000000005fc5d000-0x000000005fcfd000) (0MB)
[Fri Jun 21 14:49:26 2024] efi: mem101: type=7, attr=0xf, range=[0x000000005fcfd000-0x000000005fcfe000) (0MB)
[Fri Jun 21 14:49:26 2024] efi: mem102: type=4, attr=0xf, range=[0x000000005fcfe000-0x0000000060550000) (8MB)
[Fri Jun 21 14:49:26 2024] efi: mem103: type=7, attr=0xf, range=[0x0000000060550000-0x0000000060573000) (0MB)
[Fri Jun 21 14:49:26 2024] efi: mem104: type=4, attr=0xf, range=[0x0000000060573000-0x0000000060bf5000) (6MB)
[Fri Jun 21 14:49:26 2024] efi: mem105: type=7, attr=0xf, range=[0x0000000060bf5000-0x0000000060bf6000) (0MB)
[Fri Jun 21 14:49:26 2024] efi: mem106: type=4, attr=0xf, range=[0x0000000060bf6000-0x0000000060bfb000) (0MB)
[Fri Jun 21 14:49:26 2024] efi: mem107: type=7, attr=0xf, range=[0x0000000060bfb000-0x0000000060bfc000) (0MB)
[Fri Jun 21 14:49:26 2024] efi: mem108: type=4, attr=0xf, range=[0x0000000060bfc000-0x0000000060bfd000) (0MB)
[Fri Jun 21 14:49:26 2024] efi: mem109: type=7, attr=0xf, range=[0x0000000060bfd000-0x0000000060bfe000) (0MB)
[Fri Jun 21 14:49:26 2024] efi: mem110: type=4, attr=0xf, range=[0x0000000060bfe000-0x0000000060c04000) (0MB)
[Fri Jun 21 14:49:26 2024] efi: mem111: type=7, attr=0xf, range=[0x0000000060c04000-0x0000000060c07000) (0MB)
[Fri Jun 21 14:49:26 2024] efi: mem112: type=4, attr=0xf, range=[0x0000000060c07000-0x0000000060c0c000) (0MB)
[Fri Jun 21 14:49:26 2024] efi: mem113: type=7, attr=0xf, range=[0x0000000060c0c000-0x0000000060c0d000) (0MB)
[Fri Jun 21 14:49:26 2024] efi: mem114: type=4, attr=0xf, range=[0x0000000060c0d000-0x0000000061077000) (4MB)
[Fri Jun 21 14:49:26 2024] efi: mem115: type=7, attr=0xf, range=[0x0000000061077000-0x0000000061078000) (0MB)
[Fri Jun 21 14:49:26 2024] efi: mem116: type=4, attr=0xf, range=[0x0000000061078000-0x0000000062fe4000) (31MB)
[Fri Jun 21 14:49:26 2024] efi: mem117: type=7, attr=0xf, range=[0x0000000062fe4000-0x0000000062fe5000) (0MB)
[Fri Jun 21 14:49:26 2024] efi: mem118: type=4, attr=0xf, range=[0x0000000062fe5000-0x0000000064620000) (22MB)
[Fri Jun 21 14:49:26 2024] efi: mem119: type=7, attr=0xf, range=[0x0000000064620000-0x0000000064a41000) (4MB)
[Fri Jun 21 14:49:26 2024] efi: mem120: type=3, attr=0xf, range=[0x0000000064a41000-0x0000000065ac7000) (16MB)
[Fri Jun 21 14:49:26 2024] efi: mem121: type=0, attr=0xf, range=[0x0000000065ac7000-0x0000000067bc7000) (33MB)
[Fri Jun 21 14:49:26 2024] efi: mem122: type=9, attr=0xf, range=[0x0000000067bc7000-0x00000000684c7000) (9MB)
[Fri Jun 21 14:49:26 2024] efi: mem123: type=10, attr=0xf, range=[0x00000000684c7000-0x0000000068907000) (4MB)
[Fri Jun 21 14:49:26 2024] efi: mem124: type=6, attr=0x800000000000000f, range=[0x0000000068907000-0x000000006c608000) (61MB)
[Fri Jun 21 14:49:26 2024] efi: mem125: type=5, attr=0x800000000000000f, range=[0x000000006c608000-0x000000006c7ff000) (1MB)
[Fri Jun 21 14:49:26 2024] efi: mem126: type=4, attr=0xf, range=[0x000000006c7ff000-0x000000006ca00000) (2MB)
[Fri Jun 21 14:49:26 2024] efi: mem127: type=7, attr=0xf, range=[0x000000006ca00000-0x000000006ca9c000) (0MB)
[Fri Jun 21 14:49:26 2024] efi: mem128: type=4, attr=0xf, range=[0x000000006ca9c000-0x000000006cb9c000) (1MB)
[Fri Jun 21 14:49:26 2024] efi: mem129: type=3, attr=0xf, range=[0x000000006cb9c000-0x000000006cbe1000) (0MB)
[Fri Jun 21 14:49:26 2024] efi: mem130: type=4, attr=0xf, range=[0x000000006cbe1000-0x000000006cc36000) (0MB)
[Fri Jun 21 14:49:26 2024] efi: mem131: type=3, attr=0xf, range=[0x000000006cc36000-0x000000006cc3a000) (0MB)
[Fri Jun 21 14:49:26 2024] efi: mem132: type=4, attr=0xf, range=[0x000000006cc3a000-0x000000006cc4c000) (0MB)
[Fri Jun 21 14:49:26 2024] efi: mem133: type=3, attr=0xf, range=[0x000000006cc4c000-0x000000006cc4f000) (0MB)
[Fri Jun 21 14:49:26 2024] efi: mem134: type=4, attr=0xf, range=[0x000000006cc4f000-0x000000006cc62000) (0MB)
[Fri Jun 21 14:49:26 2024] efi: mem135: type=3, attr=0xf, range=[0x000000006cc62000-0x000000006cc6e000) (0MB)
[Fri Jun 21 14:49:26 2024] efi: mem136: type=4, attr=0xf, range=[0x000000006cc6e000-0x000000006cc8a000) (0MB)
[Fri Jun 21 14:49:26 2024] efi: mem137: type=3, attr=0xf, range=[0x000000006cc8a000-0x000000006ccba000) (0MB)
[Fri Jun 21 14:49:26 2024] efi: mem138: type=4, attr=0xf, range=[0x000000006ccba000-0x000000006e279000) (21MB)
[Fri Jun 21 14:49:26 2024] efi: mem139: type=3, attr=0xf, range=[0x000000006e279000-0x000000006e27e000) (0MB)
[Fri Jun 21 14:49:26 2024] efi: mem140: type=4, attr=0xf, range=[0x000000006e27e000-0x000000006e4e3000) (2MB)
[Fri Jun 21 14:49:26 2024] efi: mem141: type=3, attr=0xf, range=[0x000000006e4e3000-0x000000006e4ee000) (0MB)
[Fri Jun 21 14:49:26 2024] efi: mem142: type=4, attr=0xf, range=[0x000000006e4ee000-0x000000006e509000) (0MB)
[Fri Jun 21 14:49:26 2024] efi: mem143: type=3, attr=0xf, range=[0x000000006e509000-0x000000006e529000) (0MB)
[Fri Jun 21 14:49:26 2024] efi: mem144: type=4, attr=0xf, range=[0x000000006e529000-0x000000006e559000) (0MB)
[Fri Jun 21 14:49:26 2024] efi: mem145: type=3, attr=0xf, range=[0x000000006e559000-0x000000006e585000) (0MB)
[Fri Jun 21 14:49:26 2024] efi: mem146: type=4, attr=0xf, range=[0x000000006e585000-0x000000006ef42000) (9MB)
[Fri Jun 21 14:49:26 2024] efi: mem147: type=3, attr=0xf, range=[0x000000006ef42000-0x000000006f793000) (8MB)
[Fri Jun 21 14:49:26 2024] efi: mem148: type=4, attr=0xf, range=[0x000000006f793000-0x000000006f7ff000) (0MB)
[Fri Jun 21 14:49:26 2024] efi: mem149: type=7, attr=0xf, range=[0x000000006f7ff000-0x000000006f800000) (0MB)
[Fri Jun 21 14:49:26 2024] efi: mem150: type=7, attr=0xf, range=[0x0000000100000000-0x0000002080000000) (129024MB)
[Fri Jun 21 14:49:26 2024] efi: mem151: type=0, attr=0x0, range=[0x00000000000a0000-0x0000000000100000) (0MB)
[Fri Jun 21 14:49:26 2024] efi: mem152: type=0, attr=0x0, range=[0x000000006f800000-0x0000000070000000) (8MB)
[Fri Jun 21 14:49:26 2024] efi: mem153: type=0, attr=0x9, range=[0x0000000070000000-0x0000000077c00000) (124MB)
[Fri Jun 21 14:49:26 2024] efi: mem154: type=0, attr=0x0, range=[0x0000000077c00000-0x0000000080000000) (132MB)
[Fri Jun 21 14:49:26 2024] efi: mem155: type=11, attr=0x8000000000000001, range=[0x0000000080000000-0x0000000090000000) (256MB)
[Fri Jun 21 14:49:26 2024] efi: mem156: type=11, attr=0x800000000000100d, range=[0x00000000fd000000-0x00000000fe800000) (24MB)
[Fri Jun 21 14:49:26 2024] efi: mem157: type=11, attr=0x800000000000100d, range=[0x00000000fed20000-0x00000000fed45000) (0MB)
[Fri Jun 21 14:49:26 2024] efi: mem158: type=11, attr=0x800000000000100d, range=[0x00000000ff000000-0x0000000100000000) (16MB)
[Fri Jun 21 14:49:26 2024] esrt: Reserving ESRT space from 0x000000005df7d898 to 0x000000005df7d8d0.
[Fri Jun 21 14:49:26 2024] SMBIOS 3.3.0 present.
[Fri Jun 21 14:49:26 2024] e820: update [mem 0x00000000-0x00000fff] usable ==> reserved
[Fri Jun 21 14:49:26 2024] e820: remove [mem 0x000a0000-0x000fffff] usable
[Fri Jun 21 14:49:26 2024] e820: last_pfn = 0x2080000 max_arch_pfn = 0x400000000
[Fri Jun 21 14:49:26 2024] MTRR default type: uncachable
[Fri Jun 21 14:49:26 2024] MTRR fixed ranges enabled:
[Fri Jun 21 14:49:26 2024]   00000-9FFFF write-back
[Fri Jun 21 14:49:26 2024]   A0000-FFFFF uncachable
[Fri Jun 21 14:49:26 2024] MTRR variable ranges enabled:
[Fri Jun 21 14:49:26 2024]   0 base 000000000000 mask 3FC000000000 write-back
[Fri Jun 21 14:49:26 2024]   1 base 000080000000 mask 3FFF80000000 uncachable
[Fri Jun 21 14:49:26 2024]   2 base 00007F000000 mask 3FFFFF000000 uncachable
[Fri Jun 21 14:49:26 2024]   3 disabled
[Fri Jun 21 14:49:26 2024]   4 disabled
[Fri Jun 21 14:49:26 2024]   5 disabled
[Fri Jun 21 14:49:26 2024]   6 disabled
[Fri Jun 21 14:49:26 2024]   7 disabled
[Fri Jun 21 14:49:26 2024]   8 disabled
[Fri Jun 21 14:49:26 2024]   9 disabled
[Fri Jun 21 14:49:26 2024] x86 PAT enabled: cpu 0, old 0x7040600070406, new 0x7010600070106
[Fri Jun 21 14:49:26 2024] original variable MTRRs
[Fri Jun 21 14:49:26 2024] reg 0, base: 0GB, range: 256GB, type WB
[Fri Jun 21 14:49:26 2024] reg 1, base: 2GB, range: 2GB, type UC
[Fri Jun 21 14:49:26 2024] reg 2, base: 2032MB, range: 16MB, type UC
[Fri Jun 21 14:49:26 2024] total RAM covered: 260080M
[Fri Jun 21 14:49:26 2024] Found optimal setting for mtrr clean up
[Fri Jun 21 14:49:26 2024]  gran_size: 64K 	chunk_size: 256G 	num_reg: 3  	lose cover RAM: 0G
[Fri Jun 21 14:49:26 2024] New variable MTRRs
[Fri Jun 21 14:49:26 2024] reg 0, base: 0GB, range: 256GB, type WB
[Fri Jun 21 14:49:26 2024] reg 1, base: 2032MB, range: 16MB, type UC
[Fri Jun 21 14:49:26 2024] reg 2, base: 2GB, range: 2GB, type UC
[Fri Jun 21 14:49:26 2024] e820: update [mem 0x7f000000-0xffffffff] usable ==> reserved
[Fri Jun 21 14:49:26 2024] e820: last_pfn = 0x6f800 max_arch_pfn = 0x400000000
[Fri Jun 21 14:49:26 2024] Base memory trampoline at [ffff880000097000] 97000 size 24576
[Fri Jun 21 14:49:26 2024] Using GB pages for direct mapping
[Fri Jun 21 14:49:26 2024] BRK [0x01fe9000, 0x01fe9fff] PGTABLE
[Fri Jun 21 14:49:26 2024] BRK [0x01fea000, 0x01feafff] PGTABLE
[Fri Jun 21 14:49:26 2024] BRK [0x01feb000, 0x01febfff] PGTABLE
[Fri Jun 21 14:49:26 2024] BRK [0x01fec000, 0x01fecfff] PGTABLE
[Fri Jun 21 14:49:26 2024] RAMDISK: [mem 0x35ef5000-0x37101fff]
[Fri Jun 21 14:49:26 2024] Early table checksum verification disabled
[Fri Jun 21 14:49:26 2024] ACPI: RSDP 00000000688d3014 00024 (v02 ALASKA)
[Fri Jun 21 14:49:26 2024] ACPI: XSDT 00000000688d2728 00114 (v01 ALASKA   A M I  01072009 AMI  01000013)
[Fri Jun 21 14:49:26 2024] ACPI: FACP 00000000684c4000 00114 (v06 ALASKA   A M I  01072009 INTL 20091013)
[Fri Jun 21 14:49:26 2024] ACPI: DSDT 000000006848a000 380BE (v02 ALASKA   A M I  01072009 INTL 20091013)
[Fri Jun 21 14:49:26 2024] ACPI: FACS 0000000068905000 00040
[Fri Jun 21 14:49:26 2024] ACPI: SPMI 00000000684c3000 00041 (v05 ALASKA   A M I  00000000 AMI. 00000000)
[Fri Jun 21 14:49:26 2024] ACPI: FIDT 0000000068489000 0009C (v01 ALASKA    A M I 01072009 AMI  00010013)
[Fri Jun 21 14:49:26 2024] ACPI: SSDT 00000000684c6000 00919 (v02  INTEL xh_wccrb 00000000 INTL 20200925)
[Fri Jun 21 14:49:26 2024] ACPI: SSDT 00000000684c5000 00748 (v02  INTEL RAS_ACPI 00000001 INTL 20200925)
[Fri Jun 21 14:49:26 2024] ACPI: ERST 0000000068488000 00230 (v01 ALASKA   A M I  00000001 INTL 00000001)
[Fri Jun 21 14:49:26 2024] ACPI: BERT 0000000068487000 00030 (v01 ALASKA   A M I  00000001 INTL 00000001)
[Fri Jun 21 14:49:26 2024] ACPI: SSDT 0000000068486000 00745 (v02  INTEL ADDRXLAT 00000001 INTL 20200925)
[Fri Jun 21 14:49:26 2024] ACPI: MCFG 0000000068485000 0003C (v01 ALASKA   A M I  01072009 MSFT 00000097)
[Fri Jun 21 14:49:26 2024] ACPI: BDAT 0000000068484000 00030 (v01 ALASKA   A M I  00000000 INTL 20091013)
[Fri Jun 21 14:49:26 2024] ACPI: HMAT 0000000068483000 00180 (v01 ALASKA   A M I  00000001 INTL 20091013)
[Fri Jun 21 14:49:26 2024] ACPI: HPET 0000000068482000 00038 (v01 ALASKA   A M I  00000001 INTL 20091013)
[Fri Jun 21 14:49:26 2024] ACPI: MIGT 0000000068481000 00040 (v01 ALASKA   A M I  00000000 INTL 20091013)
[Fri Jun 21 14:49:26 2024] ACPI: MSCT 0000000068480000 00064 (v01 ALASKA   A M I  00000001 INTL 20091013)
[Fri Jun 21 14:49:26 2024] ACPI: MUDT 000000006847f000 00030 (v01 ALASKA   A M I  00000000 MU   20091013)
[Fri Jun 21 14:49:26 2024] ACPI: WDDT 000000006847e000 00040 (v01 ALASKA   A M I  00000000 INTL 20091013)
[Fri Jun 21 14:49:26 2024] ACPI: APIC 000000006847c000 001DE (v04 ALASKA   A M I  00000000 INTL 20091013)
[Fri Jun 21 14:49:26 2024] ACPI: SLIT 000000006847b000 00030 (v01 ALASKA   A M I  00000001 AMI  01000013)
[Fri Jun 21 14:49:26 2024] ACPI: SRAT 0000000068477000 03230 (v03 ALASKA   A M I  00000002 AMI  01000013)
[Fri Jun 21 14:49:26 2024] ACPI: OEM4 00000000683b3000 C3D61 (v02  INTEL CPU  CST 00003000 INTL 20200925)
[Fri Jun 21 14:49:26 2024] ACPI: OEM1 0000000068329000 89A89 (v02  INTEL CPU EIST 00003000 INTL 20200925)
[Fri Jun 21 14:49:26 2024] ACPI: SSDT 00000000682ed000 3B2A5 (v02  INTEL SSDT  PM 00004000 INTL 20200925)
[Fri Jun 21 14:49:26 2024] ACPI: BDAT 00000000682ec000 00030 (v01 ALASKA   A M I  00000000 INTL 20091013)
[Fri Jun 21 14:49:26 2024] ACPI: HEST 00000000682eb000 0013C (v01 ALASKA   A M I  00000001 INTL 00000001)
[Fri Jun 21 14:49:26 2024] ACPI: DMAR 00000000682ea000 00348 (v01 ALASKA   A M I  00000001 INTL 20091013)
[Fri Jun 21 14:49:26 2024] ACPI: SPCR 00000000682e9000 00050 (v02 ALASKA   A M I  01072009 AMI  00050016)
[Fri Jun 21 14:49:26 2024] ACPI: SSDT 00000000682e3000 042A0 (v02  INTEL SpsNm    00000002 INTL 20200925)
[Fri Jun 21 14:49:26 2024] ACPI: WSMT 000000006847d000 00028 (v01 ALASKA   A M I  01072009 AMI  00010013)
[Fri Jun 21 14:49:26 2024] ACPI: FPDT 00000000682e2000 00044 (v01 ALASKA   A M I  01072009 AMI  01000013)
[Fri Jun 21 14:49:26 2024] ACPI: BGRT 00000000682e8000 00038 (v01 ALASKA   A M I  01072009 AMI  00010013)
[Fri Jun 21 14:49:26 2024] ACPI: Local APIC address 0xfee00000
[Fri Jun 21 14:49:26 2024] SRAT: PXM 0 -> APIC 0x00 -> Node 0
[Fri Jun 21 14:49:26 2024] SRAT: PXM 0 -> APIC 0x01 -> Node 0
[Fri Jun 21 14:49:26 2024] SRAT: PXM 0 -> APIC 0x02 -> Node 0
[Fri Jun 21 14:49:26 2024] SRAT: PXM 0 -> APIC 0x03 -> Node 0
[Fri Jun 21 14:49:26 2024] SRAT: PXM 0 -> APIC 0x04 -> Node 0
[Fri Jun 21 14:49:26 2024] SRAT: PXM 0 -> APIC 0x05 -> Node 0
[Fri Jun 21 14:49:26 2024] SRAT: PXM 0 -> APIC 0x06 -> Node 0
[Fri Jun 21 14:49:26 2024] SRAT: PXM 0 -> APIC 0x07 -> Node 0
[Fri Jun 21 14:49:26 2024] SRAT: PXM 0 -> APIC 0x08 -> Node 0
[Fri Jun 21 14:49:26 2024] SRAT: PXM 0 -> APIC 0x09 -> Node 0
[Fri Jun 21 14:49:26 2024] SRAT: PXM 0 -> APIC 0x0a -> Node 0
[Fri Jun 21 14:49:26 2024] SRAT: PXM 0 -> APIC 0x0b -> Node 0
[Fri Jun 21 14:49:26 2024] SRAT: PXM 0 -> APIC 0x0c -> Node 0
[Fri Jun 21 14:49:26 2024] SRAT: PXM 0 -> APIC 0x0d -> Node 0
[Fri Jun 21 14:49:26 2024] SRAT: PXM 0 -> APIC 0x0e -> Node 0
[Fri Jun 21 14:49:26 2024] SRAT: PXM 0 -> APIC 0x0f -> Node 0
[Fri Jun 21 14:49:26 2024] SRAT: PXM 0 -> APIC 0x10 -> Node 0
[Fri Jun 21 14:49:26 2024] SRAT: PXM 0 -> APIC 0x11 -> Node 0
[Fri Jun 21 14:49:26 2024] SRAT: PXM 0 -> APIC 0x12 -> Node 0
[Fri Jun 21 14:49:26 2024] SRAT: PXM 0 -> APIC 0x13 -> Node 0
[Fri Jun 21 14:49:26 2024] SRAT: PXM 0 -> APIC 0x14 -> Node 0
[Fri Jun 21 14:49:26 2024] SRAT: PXM 0 -> APIC 0x15 -> Node 0
[Fri Jun 21 14:49:26 2024] SRAT: PXM 0 -> APIC 0x16 -> Node 0
[Fri Jun 21 14:49:26 2024] SRAT: PXM 0 -> APIC 0x17 -> Node 0
[Fri Jun 21 14:49:26 2024] SRAT: PXM 1 -> APIC 0x40 -> Node 1
[Fri Jun 21 14:49:26 2024] SRAT: PXM 1 -> APIC 0x41 -> Node 1
[Fri Jun 21 14:49:26 2024] SRAT: PXM 1 -> APIC 0x42 -> Node 1
[Fri Jun 21 14:49:26 2024] SRAT: PXM 1 -> APIC 0x43 -> Node 1
[Fri Jun 21 14:49:26 2024] SRAT: PXM 1 -> APIC 0x44 -> Node 1
[Fri Jun 21 14:49:26 2024] SRAT: PXM 1 -> APIC 0x45 -> Node 1
[Fri Jun 21 14:49:26 2024] SRAT: PXM 1 -> APIC 0x46 -> Node 1
[Fri Jun 21 14:49:26 2024] SRAT: PXM 1 -> APIC 0x47 -> Node 1
[Fri Jun 21 14:49:26 2024] SRAT: PXM 1 -> APIC 0x48 -> Node 1
[Fri Jun 21 14:49:26 2024] SRAT: PXM 1 -> APIC 0x49 -> Node 1
[Fri Jun 21 14:49:26 2024] SRAT: PXM 1 -> APIC 0x4a -> Node 1
[Fri Jun 21 14:49:26 2024] SRAT: PXM 1 -> APIC 0x4b -> Node 1
[Fri Jun 21 14:49:26 2024] SRAT: PXM 1 -> APIC 0x4c -> Node 1
[Fri Jun 21 14:49:26 2024] SRAT: PXM 1 -> APIC 0x4d -> Node 1
[Fri Jun 21 14:49:26 2024] SRAT: PXM 1 -> APIC 0x4e -> Node 1
[Fri Jun 21 14:49:26 2024] SRAT: PXM 1 -> APIC 0x4f -> Node 1
[Fri Jun 21 14:49:26 2024] SRAT: PXM 1 -> APIC 0x50 -> Node 1
[Fri Jun 21 14:49:26 2024] SRAT: PXM 1 -> APIC 0x51 -> Node 1
[Fri Jun 21 14:49:26 2024] SRAT: PXM 1 -> APIC 0x52 -> Node 1
[Fri Jun 21 14:49:26 2024] SRAT: PXM 1 -> APIC 0x53 -> Node 1
[Fri Jun 21 14:49:26 2024] SRAT: PXM 1 -> APIC 0x54 -> Node 1
[Fri Jun 21 14:49:26 2024] SRAT: PXM 1 -> APIC 0x55 -> Node 1
[Fri Jun 21 14:49:26 2024] SRAT: PXM 1 -> APIC 0x56 -> Node 1
[Fri Jun 21 14:49:26 2024] SRAT: PXM 1 -> APIC 0x57 -> Node 1
[Fri Jun 21 14:49:26 2024] SRAT: Node 0 PXM 0 [mem 0x00000000-0x7fffffff]
[Fri Jun 21 14:49:26 2024] SRAT: Node 0 PXM 0 [mem 0x100000000-0x107fffffff]
[Fri Jun 21 14:49:26 2024] SRAT: Node 1 PXM 1 [mem 0x1080000000-0x207fffffff]
[Fri Jun 21 14:49:26 2024] NUMA: Initialized distance table, cnt=2
[Fri Jun 21 14:49:26 2024] NUMA: Node 0 [mem 0x00000000-0x7fffffff] + [mem 0x100000000-0x107fffffff] -> [mem 0x00000000-0x107fffffff]
[Fri Jun 21 14:49:26 2024] NODE_DATA(0) allocated [mem 0x107ffd9000-0x107fffffff]
[Fri Jun 21 14:49:26 2024] NODE_DATA(1) allocated [mem 0x207ffd6000-0x207fffcfff]
[Fri Jun 21 14:49:26 2024] Reserving 168MB of memory at 688MB for crashkernel (System RAM: 130698MB)
[Fri Jun 21 14:49:26 2024] Zone ranges:
[Fri Jun 21 14:49:26 2024]   DMA      [mem 0x00001000-0x00ffffff]
[Fri Jun 21 14:49:26 2024]   DMA32    [mem 0x01000000-0xffffffff]
[Fri Jun 21 14:49:26 2024]   Normal   [mem 0x100000000-0x207fffffff]
[Fri Jun 21 14:49:26 2024] Movable zone start for each node
[Fri Jun 21 14:49:26 2024] Early memory node ranges
[Fri Jun 21 14:49:26 2024]   node   0: [mem 0x00001000-0x0003dfff]
[Fri Jun 21 14:49:26 2024]   node   0: [mem 0x0003f000-0x0009ffff]
[Fri Jun 21 14:49:26 2024]   node   0: [mem 0x00100000-0x65ac6fff]
[Fri Jun 21 14:49:26 2024]   node   0: [mem 0x6c7ff000-0x6f7fffff]
[Fri Jun 21 14:49:26 2024]   node   0: [mem 0x100000000-0x107fffffff]
[Fri Jun 21 14:49:26 2024]   node   1: [mem 0x1080000000-0x207fffffff]
[Fri Jun 21 14:49:26 2024] Initmem setup node 0 [mem 0x00001000-0x107fffffff]
[Fri Jun 21 14:49:26 2024] On node 0 totalpages: 16681574
[Fri Jun 21 14:49:26 2024]   DMA zone: 64 pages used for memmap
[Fri Jun 21 14:49:26 2024]   DMA zone: 24 pages reserved
[Fri Jun 21 14:49:26 2024]   DMA zone: 3998 pages, LIFO batch:0
[Fri Jun 21 14:49:26 2024]   DMA32 zone: 6636 pages used for memmap
[Fri Jun 21 14:49:26 2024]   DMA32 zone: 424648 pages, LIFO batch:31
[Fri Jun 21 14:49:26 2024]   Normal zone: 253952 pages used for memmap
[Fri Jun 21 14:49:26 2024]   Normal zone: 16252928 pages, LIFO batch:31
[Fri Jun 21 14:49:26 2024] Initmem setup node 1 [mem 0x1080000000-0x207fffffff]
[Fri Jun 21 14:49:26 2024] On node 1 totalpages: 16777216
[Fri Jun 21 14:49:26 2024]   Normal zone: 262144 pages used for memmap
[Fri Jun 21 14:49:26 2024]   Normal zone: 16777216 pages, LIFO batch:31
[Fri Jun 21 14:49:26 2024] ACPI: PM-Timer IO Port: 0x508
[Fri Jun 21 14:49:26 2024] ACPI: Local APIC address 0xfee00000
[Fri Jun 21 14:49:26 2024] ACPI: LAPIC (acpi_id[0x00] lapic_id[0x00] enabled)
[Fri Jun 21 14:49:26 2024] ACPI: LAPIC (acpi_id[0x01] lapic_id[0x02] enabled)
[Fri Jun 21 14:49:26 2024] ACPI: LAPIC (acpi_id[0x02] lapic_id[0x04] enabled)
[Fri Jun 21 14:49:26 2024] ACPI: LAPIC (acpi_id[0x03] lapic_id[0x06] enabled)
[Fri Jun 21 14:49:26 2024] ACPI: LAPIC (acpi_id[0x04] lapic_id[0x08] enabled)
[Fri Jun 21 14:49:26 2024] ACPI: LAPIC (acpi_id[0x05] lapic_id[0x0a] enabled)
[Fri Jun 21 14:49:26 2024] ACPI: LAPIC (acpi_id[0x06] lapic_id[0x0c] enabled)
[Fri Jun 21 14:49:26 2024] ACPI: LAPIC (acpi_id[0x07] lapic_id[0x0e] enabled)
[Fri Jun 21 14:49:26 2024] ACPI: LAPIC (acpi_id[0x08] lapic_id[0x10] enabled)
[Fri Jun 21 14:49:26 2024] ACPI: LAPIC (acpi_id[0x09] lapic_id[0x12] enabled)
[Fri Jun 21 14:49:26 2024] ACPI: LAPIC (acpi_id[0x0a] lapic_id[0x14] enabled)
[Fri Jun 21 14:49:26 2024] ACPI: LAPIC (acpi_id[0x0b] lapic_id[0x16] enabled)
[Fri Jun 21 14:49:26 2024] ACPI: LAPIC (acpi_id[0x40] lapic_id[0x40] enabled)
[Fri Jun 21 14:49:26 2024] ACPI: LAPIC (acpi_id[0x41] lapic_id[0x42] enabled)
[Fri Jun 21 14:49:26 2024] ACPI: LAPIC (acpi_id[0x42] lapic_id[0x44] enabled)
[Fri Jun 21 14:49:26 2024] ACPI: LAPIC (acpi_id[0x43] lapic_id[0x46] enabled)
[Fri Jun 21 14:49:26 2024] ACPI: LAPIC (acpi_id[0x44] lapic_id[0x48] enabled)
[Fri Jun 21 14:49:26 2024] ACPI: LAPIC (acpi_id[0x45] lapic_id[0x4a] enabled)
[Fri Jun 21 14:49:26 2024] ACPI: LAPIC (acpi_id[0x46] lapic_id[0x4c] enabled)
[Fri Jun 21 14:49:26 2024] ACPI: LAPIC (acpi_id[0x47] lapic_id[0x4e] enabled)
[Fri Jun 21 14:49:26 2024] ACPI: LAPIC (acpi_id[0x48] lapic_id[0x50] enabled)
[Fri Jun 21 14:49:26 2024] ACPI: LAPIC (acpi_id[0x49] lapic_id[0x52] enabled)
[Fri Jun 21 14:49:26 2024] ACPI: LAPIC (acpi_id[0x4a] lapic_id[0x54] enabled)
[Fri Jun 21 14:49:26 2024] ACPI: LAPIC (acpi_id[0x4b] lapic_id[0x56] enabled)
[Fri Jun 21 14:49:26 2024] ACPI: LAPIC (acpi_id[0x0c] lapic_id[0x01] enabled)
[Fri Jun 21 14:49:26 2024] ACPI: LAPIC (acpi_id[0x0d] lapic_id[0x03] enabled)
[Fri Jun 21 14:49:26 2024] ACPI: LAPIC (acpi_id[0x0e] lapic_id[0x05] enabled)
[Fri Jun 21 14:49:26 2024] ACPI: LAPIC (acpi_id[0x0f] lapic_id[0x07] enabled)
[Fri Jun 21 14:49:26 2024] ACPI: LAPIC (acpi_id[0x10] lapic_id[0x09] enabled)
[Fri Jun 21 14:49:26 2024] ACPI: LAPIC (acpi_id[0x11] lapic_id[0x0b] enabled)
[Fri Jun 21 14:49:26 2024] ACPI: LAPIC (acpi_id[0x12] lapic_id[0x0d] enabled)
[Fri Jun 21 14:49:26 2024] ACPI: LAPIC (acpi_id[0x13] lapic_id[0x0f] enabled)
[Fri Jun 21 14:49:26 2024] ACPI: LAPIC (acpi_id[0x14] lapic_id[0x11] enabled)
[Fri Jun 21 14:49:26 2024] ACPI: LAPIC (acpi_id[0x15] lapic_id[0x13] enabled)
[Fri Jun 21 14:49:26 2024] ACPI: LAPIC (acpi_id[0x16] lapic_id[0x15] enabled)
[Fri Jun 21 14:49:26 2024] ACPI: LAPIC (acpi_id[0x17] lapic_id[0x17] enabled)
[Fri Jun 21 14:49:26 2024] ACPI: LAPIC (acpi_id[0x4c] lapic_id[0x41] enabled)
[Fri Jun 21 14:49:26 2024] ACPI: LAPIC (acpi_id[0x4d] lapic_id[0x43] enabled)
[Fri Jun 21 14:49:26 2024] ACPI: LAPIC (acpi_id[0x4e] lapic_id[0x45] enabled)
[Fri Jun 21 14:49:26 2024] ACPI: LAPIC (acpi_id[0x4f] lapic_id[0x47] enabled)
[Fri Jun 21 14:49:26 2024] ACPI: LAPIC (acpi_id[0x50] lapic_id[0x49] enabled)
[Fri Jun 21 14:49:26 2024] ACPI: LAPIC (acpi_id[0x51] lapic_id[0x4b] enabled)
[Fri Jun 21 14:49:26 2024] ACPI: LAPIC (acpi_id[0x52] lapic_id[0x4d] enabled)
[Fri Jun 21 14:49:26 2024] ACPI: LAPIC (acpi_id[0x53] lapic_id[0x4f] enabled)
[Fri Jun 21 14:49:26 2024] ACPI: LAPIC (acpi_id[0x54] lapic_id[0x51] enabled)
[Fri Jun 21 14:49:26 2024] ACPI: LAPIC (acpi_id[0x55] lapic_id[0x53] enabled)
[Fri Jun 21 14:49:26 2024] ACPI: LAPIC (acpi_id[0x56] lapic_id[0x55] enabled)
[Fri Jun 21 14:49:26 2024] ACPI: LAPIC (acpi_id[0x57] lapic_id[0x57] enabled)
[Fri Jun 21 14:49:26 2024] ACPI: X2APIC_NMI (uid[0xffffffff] high edge lint[0x1])
[Fri Jun 21 14:49:26 2024] ACPI: LAPIC_NMI (acpi_id[0xff] high edge lint[0x1])
[Fri Jun 21 14:49:26 2024] ACPI: IOAPIC (id[0x08] address[0xfec00000] gsi_base[0])
[Fri Jun 21 14:49:26 2024] IOAPIC[0]: apic_id 8, version 32, address 0xfec00000, GSI 0-119
[Fri Jun 21 14:49:26 2024] ACPI: INT_SRC_OVR (bus 0 bus_irq 0 global_irq 2 dfl dfl)
[Fri Jun 21 14:49:26 2024] ACPI: INT_SRC_OVR (bus 0 bus_irq 9 global_irq 9 high level)
[Fri Jun 21 14:49:26 2024] ACPI: IRQ0 used by override.
[Fri Jun 21 14:49:26 2024] ACPI: IRQ9 used by override.
[Fri Jun 21 14:49:26 2024] Using ACPI (MADT) for SMP configuration information
[Fri Jun 21 14:49:26 2024] ACPI: HPET id: 0x8086a701 base: 0xfed00000
[Fri Jun 21 14:49:26 2024] smpboot: Allowing 48 CPUs, 0 hotplug CPUs
[Fri Jun 21 14:49:26 2024] PM: Registered nosave memory: [mem 0x0003e000-0x0003efff]
[Fri Jun 21 14:49:26 2024] PM: Registered nosave memory: [mem 0x000a0000-0x000fffff]
[Fri Jun 21 14:49:26 2024] PM: Registered nosave memory: [mem 0x5e06f000-0x5e06ffff]
[Fri Jun 21 14:49:26 2024] PM: Registered nosave memory: [mem 0x5e093000-0x5e093fff]
[Fri Jun 21 14:49:26 2024] PM: Registered nosave memory: [mem 0x5e094000-0x5e094fff]
[Fri Jun 21 14:49:26 2024] PM: Registered nosave memory: [mem 0x5e0b8000-0x5e0b8fff]
[Fri Jun 21 14:49:26 2024] PM: Registered nosave memory: [mem 0x5e0b9000-0x5e0b9fff]
[Fri Jun 21 14:49:26 2024] PM: Registered nosave memory: [mem 0x5e0ed000-0x5e0edfff]
[Fri Jun 21 14:49:26 2024] PM: Registered nosave memory: [mem 0x5e0ee000-0x5e0eefff]
[Fri Jun 21 14:49:26 2024] PM: Registered nosave memory: [mem 0x5e122000-0x5e122fff]
[Fri Jun 21 14:49:26 2024] PM: Registered nosave memory: [mem 0x5e123000-0x5e123fff]
[Fri Jun 21 14:49:26 2024] PM: Registered nosave memory: [mem 0x5e15a000-0x5e15afff]
[Fri Jun 21 14:49:26 2024] PM: Registered nosave memory: [mem 0x5e15b000-0x5e15bfff]
[Fri Jun 21 14:49:26 2024] PM: Registered nosave memory: [mem 0x5e192000-0x5e192fff]
[Fri Jun 21 14:49:26 2024] PM: Registered nosave memory: [mem 0x5e3c5000-0x5e3c5fff]
[Fri Jun 21 14:49:26 2024] PM: Registered nosave memory: [mem 0x5e3f6000-0x5e3f6fff]
[Fri Jun 21 14:49:26 2024] PM: Registered nosave memory: [mem 0x5e546000-0x5e546fff]
[Fri Jun 21 14:49:26 2024] PM: Registered nosave memory: [mem 0x5e54e000-0x5e54efff]
[Fri Jun 21 14:49:26 2024] PM: Registered nosave memory: [mem 0x65ac7000-0x67bc6fff]
[Fri Jun 21 14:49:26 2024] PM: Registered nosave memory: [mem 0x67bc7000-0x684c6fff]
[Fri Jun 21 14:49:26 2024] PM: Registered nosave memory: [mem 0x684c7000-0x68906fff]
[Fri Jun 21 14:49:26 2024] PM: Registered nosave memory: [mem 0x68907000-0x6c7fefff]
[Fri Jun 21 14:49:26 2024] PM: Registered nosave memory: [mem 0x6f800000-0x8fffffff]
[Fri Jun 21 14:49:26 2024] PM: Registered nosave memory: [mem 0x90000000-0xfcffffff]
[Fri Jun 21 14:49:26 2024] PM: Registered nosave memory: [mem 0xfd000000-0xfe7fffff]
[Fri Jun 21 14:49:26 2024] PM: Registered nosave memory: [mem 0xfe800000-0xfed1ffff]
[Fri Jun 21 14:49:26 2024] PM: Registered nosave memory: [mem 0xfed20000-0xfed44fff]
[Fri Jun 21 14:49:26 2024] PM: Registered nosave memory: [mem 0xfed45000-0xfeffffff]
[Fri Jun 21 14:49:26 2024] PM: Registered nosave memory: [mem 0xff000000-0xffffffff]
[Fri Jun 21 14:49:26 2024] e820: [mem 0x90000000-0xfcffffff] available for PCI devices
[Fri Jun 21 14:49:26 2024] Booting paravirtualized kernel on bare hardware
[Fri Jun 21 14:49:26 2024] Detected CPU family 6 model 106
[Fri Jun 21 14:49:26 2024] Warning: Intel Processor - this hardware has not undergone upstream testing. Please consult http://wiki.centos.org/FAQ for more information
[Fri Jun 21 14:49:26 2024] setup_percpu: NR_CPUS:5120 nr_cpumask_bits:48 nr_cpu_ids:48 nr_node_ids:2
[Fri Jun 21 14:49:26 2024] PERCPU: Embedded 33 pages/cpu @ffff88103fc00000 s97048 r8192 d29928 u262144
[Fri Jun 21 14:49:26 2024] pcpu-alloc: s97048 r8192 d29928 u262144 alloc=1*2097152
[Fri Jun 21 14:49:26 2024] pcpu-alloc: [0] 00 01 02 03 04 05 06 07 [0] 08 09 10 11 24 25 26 27 
[Fri Jun 21 14:49:26 2024] pcpu-alloc: [0] 28 29 30 31 32 33 34 35 [1] 12 13 14 15 16 17 18 19 
[Fri Jun 21 14:49:26 2024] pcpu-alloc: [1] 20 21 22 23 36 37 38 39 [1] 40 41 42 43 44 45 46 47 
[Fri Jun 21 14:49:26 2024] Built 2 zonelists in Zone order, mobility grouping on.  Total pages: 32935970
[Fri Jun 21 14:49:26 2024] Policy zone: Normal
[Fri Jun 21 14:49:26 2024] Kernel command line: BOOT_IMAGE=/vmlinuz-3.10.0-693.el7.x86_64 root=UUID=856228c8-e86f-45c8-9b97-3eb9d882e294 ro crashkernel=auto rhgb quiet LANG=en_US.UTF-8
[Fri Jun 21 14:49:26 2024] PID hash table entries: 4096 (order: 3, 32768 bytes)
[Fri Jun 21 14:49:26 2024] x86/fpu: xstate_offset[2]: 0240, xstate_sizes[2]: 0100
[Fri Jun 21 14:49:26 2024] x86/fpu: xstate_offset[3]: 0000, xstate_sizes[3]: 0000
[Fri Jun 21 14:49:26 2024] x86/fpu: xstate_offset[4]: 0000, xstate_sizes[4]: 0000
[Fri Jun 21 14:49:26 2024] x86/fpu: xstate_offset[5]: 0440, xstate_sizes[5]: 0040
[Fri Jun 21 14:49:26 2024] x86/fpu: xstate_offset[6]: 0480, xstate_sizes[6]: 0200
[Fri Jun 21 14:49:26 2024] x86/fpu: xstate_offset[7]: 0680, xstate_sizes[7]: 0400
[Fri Jun 21 14:49:26 2024] xsave: enabled xstate_bv 0xe7, cntxt size 0xa80 using standard form
[Fri Jun 21 14:49:26 2024] Memory: 5468940k/136314880k available (6886k kernel code, 2479720k absent, 2540572k reserved, 4545k data, 1764k init)
[Fri Jun 21 14:49:26 2024] SLUB: HWalign=64, Order=0-3, MinObjects=0, CPUs=48, Nodes=2
[Fri Jun 21 14:49:26 2024] Hierarchical RCU implementation.
[Fri Jun 21 14:49:26 2024] 	RCU restricting CPUs from NR_CPUS=5120 to nr_cpu_ids=48.
[Fri Jun 21 14:49:26 2024] NR_IRQS:327936 nr_irqs:2440 0
[Fri Jun 21 14:49:26 2024] Console: colour dummy device 80x25
[Fri Jun 21 14:49:26 2024] console [tty0] enabled
[Fri Jun 21 14:49:26 2024] allocated 535822336 bytes of page_cgroup
[Fri Jun 21 14:49:26 2024] please try 'cgroup_disable=memory' option if you don't want memory cgroups
[Fri Jun 21 14:49:26 2024] Enabling automatic NUMA balancing. Configure with numa_balancing= or the kernel.numa_balancing sysctl
[Fri Jun 21 14:49:26 2024] hpet clockevent registered
[Fri Jun 21 14:49:26 2024] tsc: Detected 2100.000 MHz processor
[Fri Jun 21 14:49:26 2024] Calibrating delay loop (skipped), value calculated using timer frequency.. 4200.00 BogoMIPS (lpj=2100000)
[Fri Jun 21 14:49:26 2024] pid_max: default: 49152 minimum: 384
[Fri Jun 21 14:49:26 2024] Security Framework initialized
[Fri Jun 21 14:49:26 2024] SELinux:  Initializing.
[Fri Jun 21 14:49:26 2024] SELinux:  Starting in permissive mode
[Fri Jun 21 14:49:26 2024] Yama: becoming mindful.
[Fri Jun 21 14:49:26 2024] Dentry cache hash table entries: 16777216 (order: 15, 134217728 bytes)
[Fri Jun 21 14:49:26 2024] Inode-cache hash table entries: 8388608 (order: 14, 67108864 bytes)
[Fri Jun 21 14:49:26 2024] Mount-cache hash table entries: 262144 (order: 9, 2097152 bytes)
[Fri Jun 21 14:49:26 2024] Mountpoint-cache hash table entries: 262144 (order: 9, 2097152 bytes)
[Fri Jun 21 14:49:26 2024] Initializing cgroup subsys memory
[Fri Jun 21 14:49:26 2024] Initializing cgroup subsys devices
[Fri Jun 21 14:49:26 2024] Initializing cgroup subsys freezer
[Fri Jun 21 14:49:26 2024] Initializing cgroup subsys net_cls
[Fri Jun 21 14:49:26 2024] Initializing cgroup subsys blkio
[Fri Jun 21 14:49:26 2024] Initializing cgroup subsys perf_event
[Fri Jun 21 14:49:26 2024] Initializing cgroup subsys hugetlb
[Fri Jun 21 14:49:26 2024] Initializing cgroup subsys pids
[Fri Jun 21 14:49:26 2024] Initializing cgroup subsys net_prio
[Fri Jun 21 14:49:26 2024] CPU: Physical Processor ID: 0
[Fri Jun 21 14:49:26 2024] CPU: Processor Core ID: 0
[Fri Jun 21 14:49:26 2024] ENERGY_PERF_BIAS: Set to 'normal', was 'performance'
[Fri Jun 21 14:49:26 2024] ENERGY_PERF_BIAS: View and update with x86_energy_perf_policy(8)
[Fri Jun 21 14:49:26 2024] mce: CPU supports 28 MCE banks
[Fri Jun 21 14:49:26 2024] CPU0: Thermal monitoring enabled (TM1)
[Fri Jun 21 14:49:26 2024] Last level iTLB entries: 4KB 0, 2MB 0, 4MB 0
[Fri Jun 21 14:49:26 2024] Last level dTLB entries: 4KB 0, 2MB 0, 4MB 0
[Fri Jun 21 14:49:26 2024] tlb_flushall_shift: 6
[Fri Jun 21 14:49:26 2024] Freeing SMP alternatives: 24k freed
[Fri Jun 21 14:49:26 2024] ACPI: Core revision 20130517
[Fri Jun 21 14:49:26 2024] ACPI: All ACPI Tables successfully acquired
[Fri Jun 21 14:49:26 2024] ftrace: allocating 26584 entries in 104 pages
[Fri Jun 21 14:49:26 2024] smpboot: Max logical packages: 4
[Fri Jun 21 14:49:26 2024] DMAR: Host address width 46
[Fri Jun 21 14:49:26 2024] DMAR: DRHD base: 0x000000d0ffc000 flags: 0x0
[Fri Jun 21 14:49:26 2024] DMAR: dmar0: reg_base_addr d0ffc000 ver 4:0 cap 8ed008c40780466 ecap 60000f050df
[Fri Jun 21 14:49:26 2024] DMAR: DRHD base: 0x000000dbbfc000 flags: 0x0
[Fri Jun 21 14:49:26 2024] DMAR: dmar1: reg_base_addr dbbfc000 ver 4:0 cap 8ed008c40780466 ecap 60000f050df
[Fri Jun 21 14:49:26 2024] DMAR: DRHD base: 0x000000e67fc000 flags: 0x0
[Fri Jun 21 14:49:26 2024] DMAR: dmar2: reg_base_addr e67fc000 ver 4:0 cap 8ed008c40780466 ecap 60000f050df
[Fri Jun 21 14:49:26 2024] DMAR: DRHD base: 0x000000f13fc000 flags: 0x0
[Fri Jun 21 14:49:26 2024] DMAR: dmar3: reg_base_addr f13fc000 ver 4:0 cap 8ed008c40780466 ecap 60000f050df
[Fri Jun 21 14:49:26 2024] DMAR: DRHD base: 0x000000fb7fc000 flags: 0x0
[Fri Jun 21 14:49:26 2024] DMAR: dmar4: reg_base_addr fb7fc000 ver 4:0 cap 8ed008c40780466 ecap 60000f050df
[Fri Jun 21 14:49:26 2024] DMAR: DRHD base: 0x000000a63fc000 flags: 0x0
[Fri Jun 21 14:49:26 2024] DMAR: dmar5: reg_base_addr a63fc000 ver 4:0 cap 8ed008c40780466 ecap 60000f050df
[Fri Jun 21 14:49:26 2024] DMAR: DRHD base: 0x000000b0ffc000 flags: 0x0
[Fri Jun 21 14:49:26 2024] DMAR: dmar6: reg_base_addr b0ffc000 ver 4:0 cap 8ed008c40780466 ecap 60000f050df
[Fri Jun 21 14:49:26 2024] DMAR: DRHD base: 0x000000bbbfc000 flags: 0x0
[Fri Jun 21 14:49:26 2024] DMAR: dmar7: reg_base_addr bbbfc000 ver 4:0 cap 8ed008c40780466 ecap 60000f050df
[Fri Jun 21 14:49:26 2024] DMAR: DRHD base: 0x000000c5ffc000 flags: 0x0
[Fri Jun 21 14:49:26 2024] DMAR: dmar8: reg_base_addr c5ffc000 ver 4:0 cap 8ed008c40780466 ecap 60000f050df
[Fri Jun 21 14:49:26 2024] DMAR: DRHD base: 0x0000009b7fc000 flags: 0x1
[Fri Jun 21 14:49:26 2024] DMAR: dmar9: reg_base_addr 9b7fc000 ver 4:0 cap 8ed008c40780466 ecap 60000f050df
[Fri Jun 21 14:49:26 2024] DMAR: RMRR base: 0x0000006c2be000 end: 0x0000006c2e1fff
[Fri Jun 21 14:49:26 2024] DMAR: RMRR base: 0x0000006adaf000 end: 0x0000006aff8fff
[Fri Jun 21 14:49:26 2024] DMAR: ATSR flags: 0x0
[Fri Jun 21 14:49:26 2024] DMAR: ATSR flags: 0x0
[Fri Jun 21 14:49:26 2024] DMAR: RHSA base: 0x0000009b7fc000 proximity domain: 0x0
[Fri Jun 21 14:49:26 2024] DMAR: RHSA base: 0x000000a63fc000 proximity domain: 0x0
[Fri Jun 21 14:49:26 2024] DMAR: RHSA base: 0x000000b0ffc000 proximity domain: 0x0
[Fri Jun 21 14:49:26 2024] DMAR: RHSA base: 0x000000bbbfc000 proximity domain: 0x0
[Fri Jun 21 14:49:26 2024] DMAR: RHSA base: 0x000000c5ffc000 proximity domain: 0x0
[Fri Jun 21 14:49:26 2024] DMAR: RHSA base: 0x000000d0ffc000 proximity domain: 0x1
[Fri Jun 21 14:49:26 2024] DMAR: RHSA base: 0x000000dbbfc000 proximity domain: 0x1
[Fri Jun 21 14:49:26 2024] DMAR: RHSA base: 0x000000e67fc000 proximity domain: 0x1
[Fri Jun 21 14:49:26 2024] DMAR: RHSA base: 0x000000f13fc000 proximity domain: 0x1
[Fri Jun 21 14:49:26 2024] DMAR: RHSA base: 0x000000fb7fc000 proximity domain: 0x1
[Fri Jun 21 14:49:26 2024] DMAR-IR: IOAPIC id 8 under DRHD base  0x9b7fc000 IOMMU 9
[Fri Jun 21 14:49:26 2024] DMAR-IR: HPET id 0 under DRHD base 0x9b7fc000
[Fri Jun 21 14:49:26 2024] DMAR-IR: Queued invalidation will be enabled to support x2apic and Intr-remapping.
[Fri Jun 21 14:49:26 2024] DMAR-IR: Enabled IRQ remapping in x2apic mode
[Fri Jun 21 14:49:26 2024] Enabling x2apic
[Fri Jun 21 14:49:26 2024] Enabled x2apic
[Fri Jun 21 14:49:26 2024] Switched APIC routing to cluster x2apic.
[Fri Jun 21 14:49:26 2024] ..TIMER: vector=0x30 apic1=0 pin1=2 apic2=-1 pin2=-1
[Fri Jun 21 14:49:26 2024] random: fast init done
[Fri Jun 21 14:49:26 2024] smpboot: CPU0: Intel(R) Xeon(R) Silver 4310 CPU @ 2.10GHz (fam: 06, model: 6a, stepping: 06)
[Fri Jun 21 14:49:26 2024] TSC deadline timer enabled
[Fri Jun 21 14:49:26 2024] Performance Events: no PEBS fmt4+, generic architected perfmon, 
[Fri Jun 21 14:49:26 2024] ------------[ cut here ]------------
[Fri Jun 21 14:49:26 2024] WARNING: CPU: 0 PID: 1 at arch/x86/events/intel/core.c:3905 intel_pmu_init+0xd1d/0xed9
[Fri Jun 21 14:49:26 2024] hw perf events fixed 4 > max(3), clipping!
[Fri Jun 21 14:49:26 2024] Modules linked in:

[Fri Jun 21 14:49:26 2024] CPU: 0 PID: 1 Comm: swapper/0 Not tainted 3.10.0-693.el7.x86_64 #1
[Fri Jun 21 14:49:26 2024] Hardware name: Nettrix R620 G40/60WA32, BIOS 0PYH001052 04/11/2023
[Fri Jun 21 14:49:26 2024]  ffff880169ab7d48 00000000e9cbffc5 ffff880169ab7cf8 ffffffff816a3d91
[Fri Jun 21 14:49:26 2024]  ffff880169ab7d38 ffffffff810879c8 00000f41819f9020 ffffffff819f9020
[Fri Jun 21 14:49:26 2024]  ffff88017fc04660 ffffffff81b46f4e 0000000000000000 0000000000000000
[Fri Jun 21 14:49:26 2024] Call Trace:
[Fri Jun 21 14:49:26 2024]  [<ffffffff816a3d91>] dump_stack+0x19/0x1b
[Fri Jun 21 14:49:26 2024]  [<ffffffff810879c8>] __warn+0xd8/0x100
[Fri Jun 21 14:49:26 2024]  [<ffffffff81b46f4e>] ? merge_attr+0x8d/0x8d
[Fri Jun 21 14:49:26 2024]  [<ffffffff81087a4f>] warn_slowpath_fmt+0x5f/0x80
[Fri Jun 21 14:49:26 2024]  [<ffffffff81b48c41>] intel_pmu_init+0xd1d/0xed9
[Fri Jun 21 14:49:26 2024]  [<ffffffff81b46f4e>] ? merge_attr+0x8d/0x8d
[Fri Jun 21 14:49:26 2024]  [<ffffffff81b46f98>] init_hw_perf_events+0x4a/0x54c
[Fri Jun 21 14:49:26 2024]  [<ffffffff81b46f4e>] ? merge_attr+0x8d/0x8d
[Fri Jun 21 14:49:26 2024]  [<ffffffff810020e8>] do_one_initcall+0xb8/0x230
[Fri Jun 21 14:49:26 2024]  [<ffffffff81b45153>] kernel_init_freeable+0xd2/0x219
[Fri Jun 21 14:49:26 2024]  [<ffffffff81692c60>] ? rest_init+0x80/0x80
[Fri Jun 21 14:49:26 2024]  [<ffffffff81692c6e>] kernel_init+0xe/0xf0
[Fri Jun 21 14:49:26 2024]  [<ffffffff816b4f18>] ret_from_fork+0x58/0x90
[Fri Jun 21 14:49:26 2024]  [<ffffffff81692c60>] ? rest_init+0x80/0x80
[Fri Jun 21 14:49:26 2024] ---[ end trace ca7586ad0ac05b5d ]---
[Fri Jun 21 14:49:26 2024] full-width counters, Intel PMU driver.
[Fri Jun 21 14:49:26 2024] ... version:                5
[Fri Jun 21 14:49:26 2024] ... bit width:              48
[Fri Jun 21 14:49:26 2024] ... generic registers:      8
[Fri Jun 21 14:49:26 2024] ... value mask:             0000ffffffffffff
[Fri Jun 21 14:49:26 2024] ... max period:             00007fffffffffff
[Fri Jun 21 14:49:26 2024] ... fixed-purpose events:   3
[Fri Jun 21 14:49:26 2024] ... event mask:             00000007000000ff
[Fri Jun 21 14:49:26 2024] NMI watchdog: enabled on all CPUs, permanently consumes one hw-PMU counter.
[Fri Jun 21 14:49:26 2024] smpboot: Booting Node   0, Processors  #1 #2 #3 #4 #5 #6 #7 #8 #9 #10 #11 OK
[Fri Jun 21 14:49:26 2024] smpboot: Booting Node   1, Processors  #12 #13 #14 #15 #16 #17 #18 #19 #20 #21 #22 #23 OK
[Fri Jun 21 14:49:26 2024] smpboot: Booting Node   0, Processors  #24 #25 #26 #27 #28 #29 #30 #31 #32 #33 #34 #35 OK
[Fri Jun 21 14:49:26 2024] smpboot: Booting Node   1, Processors  #36 #37 #38 #39 #40 #41 #42 #43 #44 #45 #46 #47 OK
[Fri Jun 21 14:49:26 2024] Brought up 48 CPUs
[Fri Jun 21 14:49:26 2024] smpboot: Total of 48 processors activated (201730.46 BogoMIPS)
[Fri Jun 21 14:49:27 2024] node 0 initialised, 15466604 pages in 248ms
[Fri Jun 21 14:49:27 2024] node 1 initialised, 15989806 pages in 266ms
[Fri Jun 21 14:49:27 2024] devtmpfs: initialized
[Fri Jun 21 14:49:27 2024] EVM: security.selinux
[Fri Jun 21 14:49:27 2024] EVM: security.ima
[Fri Jun 21 14:49:27 2024] EVM: security.capability
[Fri Jun 21 14:49:27 2024] PM: Registering ACPI NVS region [mem 0x684c7000-0x68906fff] (4456448 bytes)
[Fri Jun 21 14:49:27 2024] atomic64 test passed for x86-64 platform with CX8 and with SSE
[Fri Jun 21 14:49:27 2024] pinctrl core: initialized pinctrl subsystem
[Fri Jun 21 14:49:27 2024] RTC time: 14:47:38, date: 06/21/24
[Fri Jun 21 14:49:27 2024] NET: Registered protocol family 16
[Fri Jun 21 14:49:27 2024] ACPI FADT declares the system doesn't support PCIe ASPM, so disable it
[Fri Jun 21 14:49:27 2024] ACPI: bus type PCI registered
[Fri Jun 21 14:49:27 2024] acpiphp: ACPI Hot Plug PCI Controller Driver version: 0.5
[Fri Jun 21 14:49:27 2024] PCI: MMCONFIG for domain 0000 [bus 00-ff] at [mem 0x80000000-0x8fffffff] (base 0x80000000)
[Fri Jun 21 14:49:27 2024] PCI: MMCONFIG at [mem 0x80000000-0x8fffffff] reserved in E820
[Fri Jun 21 14:49:27 2024] pmd_set_huge: Cannot satisfy [mem 0x80000000-0x80200000] with a huge-page mapping due to MTRR override.
[Fri Jun 21 14:49:27 2024] PCI: Using configuration type 1 for base access
[Fri Jun 21 14:49:27 2024] ACPI: Added _OSI(Module Device)
[Fri Jun 21 14:49:27 2024] ACPI: Added _OSI(Processor Device)
[Fri Jun 21 14:49:27 2024] ACPI: Added _OSI(3.0 _SCP Extensions)
[Fri Jun 21 14:49:27 2024] ACPI: Added _OSI(Processor Aggregator Device)
[Fri Jun 21 14:49:27 2024] ACPI: EC: Look up EC in DSDT
[Fri Jun 21 14:49:27 2024] ACPI: Executed 5 blocks of module-level executable AML code
[Fri Jun 21 14:49:27 2024] ACPI: Executed 1 blocks of module-level executable AML code
[Fri Jun 21 14:49:27 2024] ACPI: Dynamic OEM Table Load:
[Fri Jun 21 14:49:27 2024] ACPI: OEM1           (null) 89A89 (v02  INTEL CPU EIST 00003000 INTL 20200925)
[Fri Jun 21 14:49:27 2024] ACPI: Executed 1 blocks of module-level executable AML code
[Fri Jun 21 14:49:27 2024] ACPI: Dynamic OEM Table Load:
[Fri Jun 21 14:49:27 2024] ACPI: OEM4           (null) C3D61 (v02  INTEL CPU  CST 00003000 INTL 20200925)
[Fri Jun 21 14:49:27 2024] ACPI: Interpreter enabled
[Fri Jun 21 14:49:27 2024] ACPI: (supports S0 S5)
[Fri Jun 21 14:49:27 2024] ACPI: Using IOAPIC for interrupt routing
[Fri Jun 21 14:49:27 2024] HEST: Table parsing has been initialized.
[Fri Jun 21 14:49:27 2024] PCI: Using host bridge windows from ACPI; if necessary, use "pci=nocrs" and report a bug
[Fri Jun 21 14:49:27 2024] ACPI: PCI Root Bridge [PC00] (domain 0000 [bus 00-15])
[Fri Jun 21 14:49:27 2024] acpi PNP0A08:00: _OSC: OS supports [ExtendedConfig ASPM ClockPM Segments MSI]
[Fri Jun 21 14:49:27 2024] acpi PNP0A08:00: PCIe AER handled by firmware
[Fri Jun 21 14:49:27 2024] acpi PNP0A08:00: _OSC: OS now controls [PCIeHotplug PME PCIeCapability]
[Fri Jun 21 14:49:27 2024] acpi PNP0A08:00: FADT indicates ASPM is unsupported, using BIOS configuration
[Fri Jun 21 14:49:27 2024] PCI host bridge to bus 0000:00
[Fri Jun 21 14:49:27 2024] pci_bus 0000:00: root bus resource [bus 00-15]
[Fri Jun 21 14:49:27 2024] pci_bus 0000:00: root bus resource [io  0x0000-0x03af window]
[Fri Jun 21 14:49:27 2024] pci_bus 0000:00: root bus resource [io  0x03e0-0x0cf7 window]
[Fri Jun 21 14:49:27 2024] pci_bus 0000:00: root bus resource [io  0x03b0-0x03bb window]
[Fri Jun 21 14:49:27 2024] pci_bus 0000:00: root bus resource [io  0x03c0-0x03df window]
[Fri Jun 21 14:49:27 2024] pci_bus 0000:00: root bus resource [io  0x1000-0x4fff window]
[Fri Jun 21 14:49:27 2024] pci_bus 0000:00: root bus resource [mem 0x000a0000-0x000bffff window]
[Fri Jun 21 14:49:27 2024] pci_bus 0000:00: root bus resource [mem 0x000c8000-0x000cffff window]
[Fri Jun 21 14:49:27 2024] pci_bus 0000:00: root bus resource [mem 0xfe010000-0xfe010fff window]
[Fri Jun 21 14:49:27 2024] pci_bus 0000:00: root bus resource [mem 0x90000000-0x9b7fffff window]
[Fri Jun 21 14:49:27 2024] pci_bus 0000:00: root bus resource [mem 0x200000000000-0x200fffffffff window]
[Fri Jun 21 14:49:27 2024] pci 0000:00:00.0: [8086:09a2] type 00 class 0x088000
[Fri Jun 21 14:49:27 2024] pci 0000:00:00.1: [8086:09a4] type 00 class 0x088000
[Fri Jun 21 14:49:27 2024] pci 0000:00:00.2: [8086:09a3] type 00 class 0x088000
[Fri Jun 21 14:49:27 2024] pci 0000:00:00.4: [8086:0998] type 00 class 0x060000
[Fri Jun 21 14:49:27 2024] pci 0000:00:01.0: [8086:0b00] type 00 class 0x088000
[Fri Jun 21 14:49:27 2024] pci 0000:00:01.0: reg 0x10: [mem 0x200ffff50000-0x200ffff53fff 64bit]
[Fri Jun 21 14:49:27 2024] pci 0000:00:01.1: [8086:0b00] type 00 class 0x088000
[Fri Jun 21 14:49:27 2024] pci 0000:00:01.1: reg 0x10: [mem 0x200ffff4c000-0x200ffff4ffff 64bit]
[Fri Jun 21 14:49:27 2024] pci 0000:00:01.2: [8086:0b00] type 00 class 0x088000
[Fri Jun 21 14:49:27 2024] pci 0000:00:01.2: reg 0x10: [mem 0x200ffff48000-0x200ffff4bfff 64bit]
[Fri Jun 21 14:49:27 2024] pci 0000:00:01.3: [8086:0b00] type 00 class 0x088000
[Fri Jun 21 14:49:27 2024] pci 0000:00:01.3: reg 0x10: [mem 0x200ffff44000-0x200ffff47fff 64bit]
[Fri Jun 21 14:49:27 2024] pci 0000:00:01.4: [8086:0b00] type 00 class 0x088000
[Fri Jun 21 14:49:27 2024] pci 0000:00:01.4: reg 0x10: [mem 0x200ffff40000-0x200ffff43fff 64bit]
[Fri Jun 21 14:49:27 2024] pci 0000:00:01.5: [8086:0b00] type 00 class 0x088000
[Fri Jun 21 14:49:27 2024] pci 0000:00:01.5: reg 0x10: [mem 0x200ffff3c000-0x200ffff3ffff 64bit]
[Fri Jun 21 14:49:27 2024] pci 0000:00:01.6: [8086:0b00] type 00 class 0x088000
[Fri Jun 21 14:49:27 2024] pci 0000:00:01.6: reg 0x10: [mem 0x200ffff38000-0x200ffff3bfff 64bit]
[Fri Jun 21 14:49:27 2024] pci 0000:00:01.7: [8086:0b00] type 00 class 0x088000
[Fri Jun 21 14:49:27 2024] pci 0000:00:01.7: reg 0x10: [mem 0x200ffff34000-0x200ffff37fff 64bit]
[Fri Jun 21 14:49:27 2024] pci 0000:00:02.0: [8086:09a6] type 00 class 0x088000
[Fri Jun 21 14:49:27 2024] pci 0000:00:02.0: reg 0x10: [mem 0x9b388000-0x9b389fff]
[Fri Jun 21 14:49:27 2024] pci 0000:00:02.1: [8086:09a7] type 00 class 0x088000
[Fri Jun 21 14:49:27 2024] pci 0000:00:02.1: reg 0x10: [mem 0x9b300000-0x9b37ffff]
[Fri Jun 21 14:49:27 2024] pci 0000:00:02.1: reg 0x14: [mem 0x9b280000-0x9b2fffff]
[Fri Jun 21 14:49:27 2024] pci 0000:00:02.4: [8086:3456] type 00 class 0x130000
[Fri Jun 21 14:49:27 2024] pci 0000:00:02.4: reg 0x10: [mem 0x200fffe00000-0x200fffefffff 64bit]
[Fri Jun 21 14:49:27 2024] pci 0000:00:02.4: reg 0x18: [mem 0x200ffff30000-0x200ffff33fff 64bit]
[Fri Jun 21 14:49:27 2024] pci 0000:00:02.4: reg 0x20: [mem 0x200ffff00000-0x200ffff1ffff 64bit]
[Fri Jun 21 14:49:27 2024] pci 0000:00:11.0: [8086:a1ec] type 00 class 0xff0000
[Fri Jun 21 14:49:27 2024] pci 0000:00:11.5: [8086:a1d2] type 00 class 0x010601
[Fri Jun 21 14:49:27 2024] pci 0000:00:11.5: reg 0x10: [mem 0x9b386000-0x9b387fff]
[Fri Jun 21 14:49:27 2024] pci 0000:00:11.5: reg 0x14: [mem 0x9b38b000-0x9b38b0ff]
[Fri Jun 21 14:49:27 2024] pci 0000:00:11.5: reg 0x18: [io  0x4070-0x4077]
[Fri Jun 21 14:49:27 2024] pci 0000:00:11.5: reg 0x1c: [io  0x4060-0x4063]
[Fri Jun 21 14:49:27 2024] pci 0000:00:11.5: reg 0x20: [io  0x4020-0x403f]
[Fri Jun 21 14:49:27 2024] pci 0000:00:11.5: reg 0x24: [mem 0x9b180000-0x9b1fffff]
[Fri Jun 21 14:49:27 2024] pci 0000:00:11.5: PME# supported from D3hot
[Fri Jun 21 14:49:27 2024] pci 0000:00:14.0: [8086:a1af] type 00 class 0x0c0330
[Fri Jun 21 14:49:27 2024] pci 0000:00:14.0: reg 0x10: [mem 0x200ffff20000-0x200ffff2ffff 64bit]
[Fri Jun 21 14:49:27 2024] pci 0000:00:14.0: PME# supported from D3hot D3cold
[Fri Jun 21 14:49:27 2024] pci 0000:00:14.0: System wakeup disabled by ACPI
[Fri Jun 21 14:49:27 2024] pci 0000:00:14.2: [8086:a1b1] type 00 class 0x118000
[Fri Jun 21 14:49:27 2024] pci 0000:00:14.2: reg 0x10: [mem 0x200ffff57000-0x200ffff57fff 64bit]
[Fri Jun 21 14:49:27 2024] pci 0000:00:16.0: [8086:a1ba] type 00 class 0x078000
[Fri Jun 21 14:49:27 2024] pci 0000:00:16.0: reg 0x10: [mem 0x200ffff56000-0x200ffff56fff 64bit]
[Fri Jun 21 14:49:27 2024] pci 0000:00:16.0: PME# supported from D3hot
[Fri Jun 21 14:49:27 2024] pci 0000:00:16.1: [8086:a1bb] type 00 class 0x078000
[Fri Jun 21 14:49:27 2024] pci 0000:00:16.1: reg 0x10: [mem 0x200ffff55000-0x200ffff55fff 64bit]
[Fri Jun 21 14:49:27 2024] pci 0000:00:16.1: PME# supported from D3hot
[Fri Jun 21 14:49:27 2024] pci 0000:00:16.4: [8086:a1be] type 00 class 0x078000
[Fri Jun 21 14:49:27 2024] pci 0000:00:16.4: reg 0x10: [mem 0x200ffff54000-0x200ffff54fff 64bit]
[Fri Jun 21 14:49:27 2024] pci 0000:00:16.4: PME# supported from D3hot
[Fri Jun 21 14:49:27 2024] pci 0000:00:17.0: [8086:a182] type 00 class 0x010601
[Fri Jun 21 14:49:27 2024] pci 0000:00:17.0: reg 0x10: [mem 0x9b384000-0x9b385fff]
[Fri Jun 21 14:49:27 2024] pci 0000:00:17.0: reg 0x14: [mem 0x9b38a000-0x9b38a0ff]
[Fri Jun 21 14:49:27 2024] pci 0000:00:17.0: reg 0x18: [io  0x4050-0x4057]
[Fri Jun 21 14:49:27 2024] pci 0000:00:17.0: reg 0x1c: [io  0x4040-0x4043]
[Fri Jun 21 14:49:27 2024] pci 0000:00:17.0: reg 0x20: [io  0x4000-0x401f]
[Fri Jun 21 14:49:27 2024] pci 0000:00:17.0: reg 0x24: [mem 0x9b100000-0x9b17ffff]
[Fri Jun 21 14:49:27 2024] pci 0000:00:17.0: PME# supported from D3hot
[Fri Jun 21 14:49:27 2024] pci 0000:00:1c.0: [8086:a190] type 01 class 0x060400
[Fri Jun 21 14:49:27 2024] pci 0000:00:1c.0: PME# supported from D0 D3hot D3cold
[Fri Jun 21 14:49:27 2024] pci 0000:00:1c.0: System wakeup disabled by ACPI
[Fri Jun 21 14:49:27 2024] pci 0000:00:1c.5: [8086:a195] type 01 class 0x060400
[Fri Jun 21 14:49:27 2024] pci 0000:00:1c.5: PME# supported from D0 D3hot D3cold
[Fri Jun 21 14:49:27 2024] pci 0000:00:1c.5: System wakeup disabled by ACPI
[Fri Jun 21 14:49:27 2024] pci 0000:00:1f.0: [8086:a1cb] type 00 class 0x060100
[Fri Jun 21 14:49:27 2024] pci 0000:00:1f.2: [8086:a1a1] type 00 class 0x058000
[Fri Jun 21 14:49:27 2024] pci 0000:00:1f.2: reg 0x10: [mem 0x9b380000-0x9b383fff]
[Fri Jun 21 14:49:27 2024] pci 0000:00:1f.4: [8086:a1a3] type 00 class 0x0c0500
[Fri Jun 21 14:49:27 2024] pci 0000:00:1f.4: reg 0x10: [mem 0x00000000-0x000000ff 64bit]
[Fri Jun 21 14:49:27 2024] pci 0000:00:1f.4: reg 0x20: [io  0x0780-0x079f]
[Fri Jun 21 14:49:27 2024] pci 0000:00:1f.5: [8086:a1a4] type 00 class 0x0c8000
[Fri Jun 21 14:49:27 2024] pci 0000:00:1f.5: reg 0x10: [mem 0xfe010000-0xfe010fff]
[Fri Jun 21 14:49:27 2024] pci 0000:00:1c.0: PCI bridge to [bus 01]
[Fri Jun 21 14:49:27 2024] pci 0000:02:00.0: [1a03:1150] type 01 class 0x060400
[Fri Jun 21 14:49:27 2024] pci 0000:02:00.0: supports D1 D2
[Fri Jun 21 14:49:27 2024] pci 0000:02:00.0: PME# supported from D0 D1 D2 D3hot D3cold
[Fri Jun 21 14:49:27 2024] pci 0000:00:1c.5: PCI bridge to [bus 02-03]
[Fri Jun 21 14:49:27 2024] pci 0000:00:1c.5:   bridge window [io  0x3000-0x3fff]
[Fri Jun 21 14:49:27 2024] pci 0000:00:1c.5:   bridge window [mem 0x9a000000-0x9b0fffff]
[Fri Jun 21 14:49:27 2024] pci 0000:03:00.0: [1a03:2000] type 00 class 0x030000
[Fri Jun 21 14:49:27 2024] pci 0000:03:00.0: reg 0x10: [mem 0x9a000000-0x9affffff]
[Fri Jun 21 14:49:27 2024] pci 0000:03:00.0: reg 0x14: [mem 0x9b000000-0x9b01ffff]
[Fri Jun 21 14:49:27 2024] pci 0000:03:00.0: reg 0x18: [io  0x3000-0x307f]
[Fri Jun 21 14:49:27 2024] pci 0000:03:00.0: supports D1 D2
[Fri Jun 21 14:49:27 2024] pci 0000:03:00.0: PME# supported from D0 D1 D2 D3hot D3cold
[Fri Jun 21 14:49:27 2024] pci 0000:02:00.0: PCI bridge to [bus 03]
[Fri Jun 21 14:49:27 2024] pci 0000:02:00.0:   bridge window [io  0x3000-0x3fff]
[Fri Jun 21 14:49:27 2024] pci 0000:02:00.0:   bridge window [mem 0x9a000000-0x9b0fffff]
[Fri Jun 21 14:49:27 2024] pci_bus 0000:00: on NUMA node 0
[Fri Jun 21 14:49:27 2024] ACPI: PCI Root Bridge [PC01] (domain 0000 [bus 16-2f])
[Fri Jun 21 14:49:27 2024] acpi PNP0A08:01: _OSC: OS supports [ExtendedConfig ASPM ClockPM Segments MSI]
[Fri Jun 21 14:49:27 2024] acpi PNP0A08:01: PCIe AER handled by firmware
[Fri Jun 21 14:49:27 2024] acpi PNP0A08:01: _OSC: OS now controls [PCIeHotplug PME PCIeCapability]
[Fri Jun 21 14:49:27 2024] acpi PNP0A08:01: FADT indicates ASPM is unsupported, using BIOS configuration
[Fri Jun 21 14:49:27 2024] PCI host bridge to bus 0000:16
[Fri Jun 21 14:49:27 2024] pci_bus 0000:16: root bus resource [bus 16-2f]
[Fri Jun 21 14:49:27 2024] pci_bus 0000:16: root bus resource [io  0x5000-0x6fff window]
[Fri Jun 21 14:49:27 2024] pci_bus 0000:16: root bus resource [mem 0x9b800000-0xa63fffff window]
[Fri Jun 21 14:49:27 2024] pci_bus 0000:16: root bus resource [mem 0x201000000000-0x201fffffffff window]
[Fri Jun 21 14:49:27 2024] pci 0000:16:00.0: [8086:09a2] type 00 class 0x088000
[Fri Jun 21 14:49:27 2024] pci 0000:16:00.1: [8086:09a4] type 00 class 0x088000
[Fri Jun 21 14:49:27 2024] pci 0000:16:00.2: [8086:09a3] type 00 class 0x088000
[Fri Jun 21 14:49:27 2024] pci 0000:16:00.4: [8086:0998] type 00 class 0x060000
[Fri Jun 21 14:49:27 2024] pci 0000:16:02.0: [8086:347a] type 01 class 0x060400
[Fri Jun 21 14:49:27 2024] pci 0000:16:02.0: reg 0x10: [mem 0x201ffff00000-0x201ffff1ffff 64bit]
[Fri Jun 21 14:49:27 2024] pci 0000:16:02.0: PME# supported from D0 D3hot D3cold
[Fri Jun 21 14:49:27 2024] pci 0000:16:02.0: System wakeup disabled by ACPI
[Fri Jun 21 14:49:27 2024] pci 0000:16:02.0: PCI bridge to [bus 17]
[Fri Jun 21 14:49:27 2024] pci 0000:16:02.0:   bridge window [mem 0xa6100000-0xa62fffff]
[Fri Jun 21 14:49:27 2024] pci 0000:16:02.0:   bridge window [mem 0x201fffd00000-0x201fffefffff 64bit pref]
[Fri Jun 21 14:49:27 2024] pci_bus 0000:16: on NUMA node 0
[Fri Jun 21 14:49:27 2024] ACPI: PCI Root Bridge [PC02] (domain 0000 [bus 30-49])
[Fri Jun 21 14:49:27 2024] acpi PNP0A08:02: _OSC: OS supports [ExtendedConfig ASPM ClockPM Segments MSI]
[Fri Jun 21 14:49:27 2024] acpi PNP0A08:02: PCIe AER handled by firmware
[Fri Jun 21 14:49:27 2024] acpi PNP0A08:02: _OSC: OS now controls [PCIeHotplug PME PCIeCapability]
[Fri Jun 21 14:49:27 2024] acpi PNP0A08:02: FADT indicates ASPM is unsupported, using BIOS configuration
[Fri Jun 21 14:49:27 2024] PCI host bridge to bus 0000:30
[Fri Jun 21 14:49:27 2024] pci_bus 0000:30: root bus resource [bus 30-49]
[Fri Jun 21 14:49:27 2024] pci_bus 0000:30: root bus resource [io  0x7000-0x8fff window]
[Fri Jun 21 14:49:27 2024] pci_bus 0000:30: root bus resource [mem 0xa6400000-0xb0ffffff window]
[Fri Jun 21 14:49:27 2024] pci_bus 0000:30: root bus resource [mem 0x202000000000-0x202fffffffff window]
[Fri Jun 21 14:49:27 2024] pci 0000:30:00.0: [8086:09a2] type 00 class 0x088000
[Fri Jun 21 14:49:27 2024] pci 0000:30:00.1: [8086:09a4] type 00 class 0x088000
[Fri Jun 21 14:49:27 2024] pci 0000:30:00.2: [8086:09a3] type 00 class 0x088000
[Fri Jun 21 14:49:27 2024] pci 0000:30:00.4: [8086:0998] type 00 class 0x060000
[Fri Jun 21 14:49:27 2024] pci 0000:30:02.0: [8086:347a] type 01 class 0x060400
[Fri Jun 21 14:49:27 2024] pci 0000:30:02.0: reg 0x10: [mem 0x202ffff20000-0x202ffff3ffff 64bit]
[Fri Jun 21 14:49:27 2024] pci 0000:30:02.0: PME# supported from D0 D3hot D3cold
[Fri Jun 21 14:49:27 2024] pci 0000:30:02.0: System wakeup disabled by ACPI
[Fri Jun 21 14:49:27 2024] pci 0000:30:04.0: [8086:347c] type 01 class 0x060400
[Fri Jun 21 14:49:27 2024] pci 0000:30:04.0: reg 0x10: [mem 0x202ffff00000-0x202ffff1ffff 64bit]
[Fri Jun 21 14:49:27 2024] pci 0000:30:04.0: PME# supported from D0 D3hot D3cold
[Fri Jun 21 14:49:27 2024] pci 0000:30:04.0: System wakeup disabled by ACPI
[Fri Jun 21 14:49:27 2024] pci 0000:31:00.0: [1000:10e2] type 00 class 0x010400
[Fri Jun 21 14:49:27 2024] pci 0000:31:00.0: reg 0x10: [mem 0x202fffe00000-0x202fffefffff 64bit pref]
[Fri Jun 21 14:49:27 2024] pci 0000:31:00.0: reg 0x18: [mem 0x202fffd00000-0x202fffdfffff 64bit pref]
[Fri Jun 21 14:49:27 2024] pci 0000:31:00.0: reg 0x20: [mem 0xb0d00000-0xb0dfffff]
[Fri Jun 21 14:49:27 2024] pci 0000:31:00.0: reg 0x24: [io  0x8000-0x80ff]
[Fri Jun 21 14:49:27 2024] pci 0000:31:00.0: reg 0x30: [mem 0xb0c00000-0xb0cfffff pref]
[Fri Jun 21 14:49:27 2024] pci 0000:31:00.0: supports D1 D2
[Fri Jun 21 14:49:27 2024] pci 0000:30:02.0: PCI bridge to [bus 31]
[Fri Jun 21 14:49:27 2024] pci 0000:30:02.0:   bridge window [io  0x8000-0x8fff]
[Fri Jun 21 14:49:27 2024] pci 0000:30:02.0:   bridge window [mem 0xb0c00000-0xb0dfffff]
[Fri Jun 21 14:49:27 2024] pci 0000:30:02.0:   bridge window [mem 0x202fffd00000-0x202fffefffff 64bit pref]
[Fri Jun 21 14:49:27 2024] pci 0000:32:00.0: [8086:1572] type 00 class 0x020000
[Fri Jun 21 14:49:27 2024] pci 0000:32:00.0: reg 0x10: [mem 0xaf800000-0xafffffff 64bit pref]
[Fri Jun 21 14:49:27 2024] pci 0000:32:00.0: reg 0x1c: [mem 0xb0808000-0xb080ffff 64bit pref]
[Fri Jun 21 14:49:27 2024] pci 0000:32:00.0: reg 0x30: [mem 0xb0e80000-0xb0efffff pref]
[Fri Jun 21 14:49:27 2024] pci 0000:32:00.0: PME# supported from D0 D3hot
[Fri Jun 21 14:49:27 2024] pci 0000:32:00.0: reg 0x184: [mem 0xb0400000-0xb040ffff 64bit pref]
[Fri Jun 21 14:49:27 2024] pci 0000:32:00.0: VF(n) BAR0 space: [mem 0xb0400000-0xb07fffff 64bit pref] (contains BAR0 for 64 VFs)
[Fri Jun 21 14:49:27 2024] pci 0000:32:00.0: reg 0x190: [mem 0xb0910000-0xb0913fff 64bit pref]
[Fri Jun 21 14:49:27 2024] pci 0000:32:00.0: VF(n) BAR3 space: [mem 0xb0910000-0xb0a0ffff 64bit pref] (contains BAR3 for 64 VFs)
[Fri Jun 21 14:49:27 2024] pci 0000:32:00.1: [8086:1572] type 00 class 0x020000
[Fri Jun 21 14:49:27 2024] pci 0000:32:00.1: reg 0x10: [mem 0xaf000000-0xaf7fffff 64bit pref]
[Fri Jun 21 14:49:27 2024] pci 0000:32:00.1: reg 0x1c: [mem 0xb0800000-0xb0807fff 64bit pref]
[Fri Jun 21 14:49:27 2024] pci 0000:32:00.1: reg 0x30: [mem 0xb0e00000-0xb0e7ffff pref]
[Fri Jun 21 14:49:27 2024] pci 0000:32:00.1: PME# supported from D0 D3hot
[Fri Jun 21 14:49:27 2024] pci 0000:32:00.1: reg 0x184: [mem 0xb0000000-0xb000ffff 64bit pref]
[Fri Jun 21 14:49:27 2024] pci 0000:32:00.1: VF(n) BAR0 space: [mem 0xb0000000-0xb03fffff 64bit pref] (contains BAR0 for 64 VFs)
[Fri Jun 21 14:49:27 2024] pci 0000:32:00.1: reg 0x190: [mem 0xb0810000-0xb0813fff 64bit pref]
[Fri Jun 21 14:49:27 2024] pci 0000:32:00.1: VF(n) BAR3 space: [mem 0xb0810000-0xb090ffff 64bit pref] (contains BAR3 for 64 VFs)
[Fri Jun 21 14:49:27 2024] pci 0000:30:04.0: PCI bridge to [bus 32]
[Fri Jun 21 14:49:27 2024] pci 0000:30:04.0:   bridge window [mem 0xb0e00000-0xb0efffff]
[Fri Jun 21 14:49:27 2024] pci 0000:30:04.0:   bridge window [mem 0xaf000000-0xb0afffff 64bit pref]
[Fri Jun 21 14:49:27 2024] pci_bus 0000:30: on NUMA node 0
[Fri Jun 21 14:49:27 2024] ACPI: PCI Root Bridge [PC04] (domain 0000 [bus 4a-63])
[Fri Jun 21 14:49:27 2024] acpi PNP0A08:04: _OSC: OS supports [ExtendedConfig ASPM ClockPM Segments MSI]
[Fri Jun 21 14:49:27 2024] acpi PNP0A08:04: PCIe AER handled by firmware
[Fri Jun 21 14:49:27 2024] acpi PNP0A08:04: _OSC: OS now controls [PCIeHotplug PME PCIeCapability]
[Fri Jun 21 14:49:27 2024] acpi PNP0A08:04: FADT indicates ASPM is unsupported, using BIOS configuration
[Fri Jun 21 14:49:27 2024] PCI host bridge to bus 0000:4a
[Fri Jun 21 14:49:27 2024] pci_bus 0000:4a: root bus resource [bus 4a-63]
[Fri Jun 21 14:49:27 2024] pci_bus 0000:4a: root bus resource [io  0x9000-0x9fff window]
[Fri Jun 21 14:49:27 2024] pci_bus 0000:4a: root bus resource [mem 0xb1000000-0xbbbfffff window]
[Fri Jun 21 14:49:27 2024] pci_bus 0000:4a: root bus resource [mem 0x203000000000-0x203fffffffff window]
[Fri Jun 21 14:49:27 2024] pci 0000:4a:00.0: [8086:09a2] type 00 class 0x088000
[Fri Jun 21 14:49:27 2024] pci 0000:4a:00.1: [8086:09a4] type 00 class 0x088000
[Fri Jun 21 14:49:27 2024] pci 0000:4a:00.2: [8086:09a3] type 00 class 0x088000
[Fri Jun 21 14:49:27 2024] pci 0000:4a:00.4: [8086:0998] type 00 class 0x060000
[Fri Jun 21 14:49:27 2024] pci 0000:4a:02.0: [8086:347a] type 01 class 0x060400
[Fri Jun 21 14:49:27 2024] pci 0000:4a:02.0: reg 0x10: [mem 0x203ffff60000-0x203ffff7ffff 64bit]
[Fri Jun 21 14:49:27 2024] pci 0000:4a:02.0: PME# supported from D0 D3hot D3cold
[Fri Jun 21 14:49:27 2024] pci 0000:4a:02.0: System wakeup disabled by ACPI
[Fri Jun 21 14:49:27 2024] pci 0000:4a:03.0: [8086:347b] type 01 class 0x060400
[Fri Jun 21 14:49:27 2024] pci 0000:4a:03.0: reg 0x10: [mem 0x203ffff40000-0x203ffff5ffff 64bit]
[Fri Jun 21 14:49:27 2024] pci 0000:4a:03.0: PME# supported from D0 D3hot D3cold
[Fri Jun 21 14:49:27 2024] pci 0000:4a:03.0: System wakeup disabled by ACPI
[Fri Jun 21 14:49:27 2024] pci 0000:4a:04.0: [8086:347c] type 01 class 0x060400
[Fri Jun 21 14:49:27 2024] pci 0000:4a:04.0: reg 0x10: [mem 0x203ffff20000-0x203ffff3ffff 64bit]
[Fri Jun 21 14:49:27 2024] pci 0000:4a:04.0: PME# supported from D0 D3hot D3cold
[Fri Jun 21 14:49:27 2024] pci 0000:4a:04.0: System wakeup disabled by ACPI
[Fri Jun 21 14:49:27 2024] pci 0000:4a:05.0: [8086:347d] type 01 class 0x060400
[Fri Jun 21 14:49:27 2024] pci 0000:4a:05.0: reg 0x10: [mem 0x203ffff00000-0x203ffff1ffff 64bit]
[Fri Jun 21 14:49:27 2024] pci 0000:4a:05.0: PME# supported from D0 D3hot D3cold
[Fri Jun 21 14:49:27 2024] pci 0000:4a:05.0: System wakeup disabled by ACPI
[Fri Jun 21 14:49:27 2024] pci 0000:4b:00.0: [144d:a80a] type 00 class 0x010802
[Fri Jun 21 14:49:27 2024] pci 0000:4b:00.0: reg 0x10: [mem 0xbba10000-0xbba13fff 64bit]
[Fri Jun 21 14:49:27 2024] pci 0000:4b:00.0: reg 0x30: [mem 0xbba00000-0xbba0ffff pref]
[Fri Jun 21 14:49:27 2024] pci 0000:4a:02.0: PCI bridge to [bus 4b]
[Fri Jun 21 14:49:27 2024] pci 0000:4a:02.0:   bridge window [mem 0xbba00000-0xbbafffff]
[Fri Jun 21 14:49:27 2024] pci 0000:4a:02.0:   bridge window [mem 0x203fffd00000-0x203fffefffff 64bit pref]
[Fri Jun 21 14:49:27 2024] pci 0000:4c:00.0: [144d:a80a] type 00 class 0x010802
[Fri Jun 21 14:49:27 2024] pci 0000:4c:00.0: reg 0x10: [mem 0xbb910000-0xbb913fff 64bit]
[Fri Jun 21 14:49:27 2024] pci 0000:4c:00.0: reg 0x30: [mem 0xbb900000-0xbb90ffff pref]
[Fri Jun 21 14:49:27 2024] pci 0000:4a:03.0: PCI bridge to [bus 4c]
[Fri Jun 21 14:49:27 2024] pci 0000:4a:03.0:   bridge window [mem 0xbb900000-0xbb9fffff]
[Fri Jun 21 14:49:27 2024] pci 0000:4a:03.0:   bridge window [mem 0x203fffb00000-0x203fffcfffff 64bit pref]
[Fri Jun 21 14:49:27 2024] pci 0000:4d:00.0: [144d:a80a] type 00 class 0x010802
[Fri Jun 21 14:49:27 2024] pci 0000:4d:00.0: reg 0x10: [mem 0xbb810000-0xbb813fff 64bit]
[Fri Jun 21 14:49:27 2024] pci 0000:4d:00.0: reg 0x30: [mem 0xbb800000-0xbb80ffff pref]
[Fri Jun 21 14:49:27 2024] pci 0000:4a:04.0: PCI bridge to [bus 4d]
[Fri Jun 21 14:49:27 2024] pci 0000:4a:04.0:   bridge window [mem 0xbb800000-0xbb8fffff]
[Fri Jun 21 14:49:27 2024] pci 0000:4a:04.0:   bridge window [mem 0x203fff900000-0x203fffafffff 64bit pref]
[Fri Jun 21 14:49:27 2024] pci 0000:4e:00.0: [144d:a80a] type 00 class 0x010802
[Fri Jun 21 14:49:27 2024] pci 0000:4e:00.0: reg 0x10: [mem 0xbb710000-0xbb713fff 64bit]
[Fri Jun 21 14:49:27 2024] pci 0000:4e:00.0: reg 0x30: [mem 0xbb700000-0xbb70ffff pref]
[Fri Jun 21 14:49:27 2024] pci 0000:4a:05.0: PCI bridge to [bus 4e]
[Fri Jun 21 14:49:27 2024] pci 0000:4a:05.0:   bridge window [mem 0xbb700000-0xbb7fffff]
[Fri Jun 21 14:49:27 2024] pci 0000:4a:05.0:   bridge window [mem 0x203fff700000-0x203fff8fffff 64bit pref]
[Fri Jun 21 14:49:27 2024] pci_bus 0000:4a: on NUMA node 0
[Fri Jun 21 14:49:27 2024] ACPI: PCI Root Bridge [PC05] (domain 0000 [bus 64-7d])
[Fri Jun 21 14:49:27 2024] acpi PNP0A08:05: _OSC: OS supports [ExtendedConfig ASPM ClockPM Segments MSI]
[Fri Jun 21 14:49:27 2024] acpi PNP0A08:05: PCIe AER handled by firmware
[Fri Jun 21 14:49:27 2024] acpi PNP0A08:05: _OSC: OS now controls [PCIeHotplug PME PCIeCapability]
[Fri Jun 21 14:49:27 2024] acpi PNP0A08:05: FADT indicates ASPM is unsupported, using BIOS configuration
[Fri Jun 21 14:49:27 2024] PCI host bridge to bus 0000:64
[Fri Jun 21 14:49:27 2024] pci_bus 0000:64: root bus resource [bus 64-7d]
[Fri Jun 21 14:49:27 2024] pci_bus 0000:64: root bus resource [io  0xa000-0xafff window]
[Fri Jun 21 14:49:27 2024] pci_bus 0000:64: root bus resource [mem 0xbbc00000-0xc5ffffff window]
[Fri Jun 21 14:49:27 2024] pci_bus 0000:64: root bus resource [mem 0x204000000000-0x204fffffffff window]
[Fri Jun 21 14:49:27 2024] pci 0000:64:00.0: [8086:09a2] type 00 class 0x088000
[Fri Jun 21 14:49:27 2024] pci 0000:64:00.1: [8086:09a4] type 00 class 0x088000
[Fri Jun 21 14:49:27 2024] pci 0000:64:00.2: [8086:09a3] type 00 class 0x088000
[Fri Jun 21 14:49:27 2024] pci 0000:64:00.4: [8086:0998] type 00 class 0x060000
[Fri Jun 21 14:49:27 2024] pci 0000:64:02.0: [8086:347a] type 01 class 0x060400
[Fri Jun 21 14:49:27 2024] pci 0000:64:02.0: reg 0x10: [mem 0x204ffff60000-0x204ffff7ffff 64bit]
[Fri Jun 21 14:49:27 2024] pci 0000:64:02.0: PME# supported from D0 D3hot D3cold
[Fri Jun 21 14:49:27 2024] pci 0000:64:02.0: System wakeup disabled by ACPI
[Fri Jun 21 14:49:27 2024] pci 0000:64:03.0: [8086:347b] type 01 class 0x060400
[Fri Jun 21 14:49:27 2024] pci 0000:64:03.0: reg 0x10: [mem 0x204ffff40000-0x204ffff5ffff 64bit]
[Fri Jun 21 14:49:27 2024] pci 0000:64:03.0: PME# supported from D0 D3hot D3cold
[Fri Jun 21 14:49:27 2024] pci 0000:64:03.0: System wakeup disabled by ACPI
[Fri Jun 21 14:49:27 2024] pci 0000:64:04.0: [8086:347c] type 01 class 0x060400
[Fri Jun 21 14:49:27 2024] pci 0000:64:04.0: reg 0x10: [mem 0x204ffff20000-0x204ffff3ffff 64bit]
[Fri Jun 21 14:49:27 2024] pci 0000:64:04.0: PME# supported from D0 D3hot D3cold
[Fri Jun 21 14:49:27 2024] pci 0000:64:04.0: System wakeup disabled by ACPI
[Fri Jun 21 14:49:27 2024] pci 0000:64:05.0: [8086:347d] type 01 class 0x060400
[Fri Jun 21 14:49:27 2024] pci 0000:64:05.0: reg 0x10: [mem 0x204ffff00000-0x204ffff1ffff 64bit]
[Fri Jun 21 14:49:27 2024] pci 0000:64:05.0: PME# supported from D0 D3hot D3cold
[Fri Jun 21 14:49:27 2024] pci 0000:64:05.0: System wakeup disabled by ACPI
[Fri Jun 21 14:49:27 2024] pci 0000:65:00.0: [144d:a80a] type 00 class 0x010802
[Fri Jun 21 14:49:27 2024] pci 0000:65:00.0: reg 0x10: [mem 0xc5e10000-0xc5e13fff 64bit]
[Fri Jun 21 14:49:27 2024] pci 0000:65:00.0: reg 0x30: [mem 0xc5e00000-0xc5e0ffff pref]
[Fri Jun 21 14:49:27 2024] pci 0000:64:02.0: PCI bridge to [bus 65]
[Fri Jun 21 14:49:27 2024] pci 0000:64:02.0:   bridge window [mem 0xc5e00000-0xc5efffff]
[Fri Jun 21 14:49:27 2024] pci 0000:64:02.0:   bridge window [mem 0x204fffd00000-0x204fffefffff 64bit pref]
[Fri Jun 21 14:49:27 2024] pci 0000:66:00.0: [144d:a80a] type 00 class 0x010802
[Fri Jun 21 14:49:27 2024] pci 0000:66:00.0: reg 0x10: [mem 0xc5d10000-0xc5d13fff 64bit]
[Fri Jun 21 14:49:27 2024] pci 0000:66:00.0: reg 0x30: [mem 0xc5d00000-0xc5d0ffff pref]
[Fri Jun 21 14:49:27 2024] pci 0000:64:03.0: PCI bridge to [bus 66]
[Fri Jun 21 14:49:27 2024] pci 0000:64:03.0:   bridge window [mem 0xc5d00000-0xc5dfffff]
[Fri Jun 21 14:49:27 2024] pci 0000:64:03.0:   bridge window [mem 0x204fffb00000-0x204fffcfffff 64bit pref]
[Fri Jun 21 14:49:27 2024] pci 0000:67:00.0: [144d:a80a] type 00 class 0x010802
[Fri Jun 21 14:49:27 2024] pci 0000:67:00.0: reg 0x10: [mem 0xc5c10000-0xc5c13fff 64bit]
[Fri Jun 21 14:49:27 2024] pci 0000:67:00.0: reg 0x30: [mem 0xc5c00000-0xc5c0ffff pref]
[Fri Jun 21 14:49:27 2024] pci 0000:64:04.0: PCI bridge to [bus 67]
[Fri Jun 21 14:49:27 2024] pci 0000:64:04.0:   bridge window [mem 0xc5c00000-0xc5cfffff]
[Fri Jun 21 14:49:27 2024] pci 0000:64:04.0:   bridge window [mem 0x204fff900000-0x204fffafffff 64bit pref]
[Fri Jun 21 14:49:27 2024] pci 0000:68:00.0: [144d:a80a] type 00 class 0x010802
[Fri Jun 21 14:49:27 2024] pci 0000:68:00.0: reg 0x10: [mem 0xc5b10000-0xc5b13fff 64bit]
[Fri Jun 21 14:49:27 2024] pci 0000:68:00.0: reg 0x30: [mem 0xc5b00000-0xc5b0ffff pref]
[Fri Jun 21 14:49:27 2024] pci 0000:64:05.0: PCI bridge to [bus 68]
[Fri Jun 21 14:49:27 2024] pci 0000:64:05.0:   bridge window [mem 0xc5b00000-0xc5bfffff]
[Fri Jun 21 14:49:27 2024] pci 0000:64:05.0:   bridge window [mem 0x204fff700000-0x204fff8fffff 64bit pref]
[Fri Jun 21 14:49:27 2024] pci_bus 0000:64: on NUMA node 0
[Fri Jun 21 14:49:27 2024] ACPI: PCI Root Bridge [PC06] (domain 0000 [bus 80-96])
[Fri Jun 21 14:49:27 2024] acpi PNP0A08:08: _OSC: OS supports [ExtendedConfig ASPM ClockPM Segments MSI]
[Fri Jun 21 14:49:27 2024] acpi PNP0A08:08: PCIe AER handled by firmware
[Fri Jun 21 14:49:27 2024] acpi PNP0A08:08: _OSC: OS now controls [PCIeHotplug PME PCIeCapability]
[Fri Jun 21 14:49:27 2024] acpi PNP0A08:08: FADT indicates ASPM is unsupported, using BIOS configuration
[Fri Jun 21 14:49:27 2024] PCI host bridge to bus 0000:80
[Fri Jun 21 14:49:27 2024] pci_bus 0000:80: root bus resource [bus 80-96]
[Fri Jun 21 14:49:27 2024] pci_bus 0000:80: root bus resource [io  0xb000-0xbfff window]
[Fri Jun 21 14:49:27 2024] pci_bus 0000:80: root bus resource [mem 0xc6800000-0xd0ffffff window]
[Fri Jun 21 14:49:27 2024] pci_bus 0000:80: root bus resource [mem 0x205000000000-0x205fffffffff window]
[Fri Jun 21 14:49:27 2024] pci 0000:80:00.0: [8086:09a2] type 00 class 0x088000
[Fri Jun 21 14:49:27 2024] pci 0000:80:00.1: [8086:09a4] type 00 class 0x088000
[Fri Jun 21 14:49:27 2024] pci 0000:80:00.2: [8086:09a3] type 00 class 0x088000
[Fri Jun 21 14:49:27 2024] pci 0000:80:00.4: [8086:0998] type 00 class 0x060000
[Fri Jun 21 14:49:27 2024] pci 0000:80:01.0: [8086:0b00] type 00 class 0x088000
[Fri Jun 21 14:49:27 2024] pci 0000:80:01.0: reg 0x10: [mem 0x205ffff40000-0x205ffff43fff 64bit]
[Fri Jun 21 14:49:27 2024] pci 0000:80:01.1: [8086:0b00] type 00 class 0x088000
[Fri Jun 21 14:49:27 2024] pci 0000:80:01.1: reg 0x10: [mem 0x205ffff3c000-0x205ffff3ffff 64bit]
[Fri Jun 21 14:49:27 2024] pci 0000:80:01.2: [8086:0b00] type 00 class 0x088000
[Fri Jun 21 14:49:27 2024] pci 0000:80:01.2: reg 0x10: [mem 0x205ffff38000-0x205ffff3bfff 64bit]
[Fri Jun 21 14:49:27 2024] pci 0000:80:01.3: [8086:0b00] type 00 class 0x088000
[Fri Jun 21 14:49:27 2024] pci 0000:80:01.3: reg 0x10: [mem 0x205ffff34000-0x205ffff37fff 64bit]
[Fri Jun 21 14:49:27 2024] pci 0000:80:01.4: [8086:0b00] type 00 class 0x088000
[Fri Jun 21 14:49:27 2024] pci 0000:80:01.4: reg 0x10: [mem 0x205ffff30000-0x205ffff33fff 64bit]
[Fri Jun 21 14:49:27 2024] pci 0000:80:01.5: [8086:0b00] type 00 class 0x088000
[Fri Jun 21 14:49:27 2024] pci 0000:80:01.5: reg 0x10: [mem 0x205ffff2c000-0x205ffff2ffff 64bit]
[Fri Jun 21 14:49:27 2024] pci 0000:80:01.6: [8086:0b00] type 00 class 0x088000
[Fri Jun 21 14:49:27 2024] pci 0000:80:01.6: reg 0x10: [mem 0x205ffff28000-0x205ffff2bfff 64bit]
[Fri Jun 21 14:49:27 2024] pci 0000:80:01.7: [8086:0b00] type 00 class 0x088000
[Fri Jun 21 14:49:27 2024] pci 0000:80:01.7: reg 0x10: [mem 0x205ffff24000-0x205ffff27fff 64bit]
[Fri Jun 21 14:49:27 2024] pci 0000:80:02.0: [8086:09a6] type 00 class 0x088000
[Fri Jun 21 14:49:27 2024] pci 0000:80:02.0: reg 0x10: [mem 0xd0f80000-0xd0f81fff]
[Fri Jun 21 14:49:27 2024] pci 0000:80:02.1: [8086:09a7] type 00 class 0x088000
[Fri Jun 21 14:49:27 2024] pci 0000:80:02.1: reg 0x10: [mem 0xd0f00000-0xd0f7ffff]
[Fri Jun 21 14:49:27 2024] pci 0000:80:02.1: reg 0x14: [mem 0xd0e80000-0xd0efffff]
[Fri Jun 21 14:49:27 2024] pci 0000:80:02.4: [8086:3456] type 00 class 0x130000
[Fri Jun 21 14:49:27 2024] pci 0000:80:02.4: reg 0x10: [mem 0x205fffe00000-0x205fffefffff 64bit]
[Fri Jun 21 14:49:27 2024] pci 0000:80:02.4: reg 0x18: [mem 0x205ffff20000-0x205ffff23fff 64bit]
[Fri Jun 21 14:49:27 2024] pci 0000:80:02.4: reg 0x20: [mem 0x205ffff00000-0x205ffff1ffff 64bit]
[Fri Jun 21 14:49:27 2024] pci_bus 0000:80: on NUMA node 1
[Fri Jun 21 14:49:27 2024] ACPI: PCI Root Bridge [PC07] (domain 0000 [bus 97-af])
[Fri Jun 21 14:49:27 2024] acpi PNP0A08:09: _OSC: OS supports [ExtendedConfig ASPM ClockPM Segments MSI]
[Fri Jun 21 14:49:27 2024] acpi PNP0A08:09: PCIe AER handled by firmware
[Fri Jun 21 14:49:27 2024] acpi PNP0A08:09: _OSC: OS now controls [PCIeHotplug PME PCIeCapability]
[Fri Jun 21 14:49:27 2024] acpi PNP0A08:09: FADT indicates ASPM is unsupported, using BIOS configuration
[Fri Jun 21 14:49:27 2024] PCI host bridge to bus 0000:97
[Fri Jun 21 14:49:27 2024] pci_bus 0000:97: root bus resource [bus 97-af]
[Fri Jun 21 14:49:27 2024] pci_bus 0000:97: root bus resource [io  0xc000-0xcfff window]
[Fri Jun 21 14:49:27 2024] pci_bus 0000:97: root bus resource [mem 0xd1000000-0xdbbfffff window]
[Fri Jun 21 14:49:27 2024] pci_bus 0000:97: root bus resource [mem 0x206000000000-0x206fffffffff window]
[Fri Jun 21 14:49:27 2024] pci 0000:97:00.0: [8086:09a2] type 00 class 0x088000
[Fri Jun 21 14:49:27 2024] pci 0000:97:00.1: [8086:09a4] type 00 class 0x088000
[Fri Jun 21 14:49:27 2024] pci 0000:97:00.2: [8086:09a3] type 00 class 0x088000
[Fri Jun 21 14:49:27 2024] pci 0000:97:00.4: [8086:0998] type 00 class 0x060000
[Fri Jun 21 14:49:27 2024] pci 0000:97:02.0: [8086:347a] type 01 class 0x060400
[Fri Jun 21 14:49:27 2024] pci 0000:97:02.0: reg 0x10: [mem 0x206ffff00000-0x206ffff1ffff 64bit]
[Fri Jun 21 14:49:27 2024] pci 0000:97:02.0: PME# supported from D0 D3hot D3cold
[Fri Jun 21 14:49:27 2024] pci 0000:97:02.0: System wakeup disabled by ACPI
[Fri Jun 21 14:49:27 2024] pci 0000:98:00.0: [8086:1521] type 00 class 0x020000
[Fri Jun 21 14:49:27 2024] pci 0000:98:00.0: reg 0x10: [mem 0xdb980000-0xdb9fffff]
[Fri Jun 21 14:49:27 2024] pci 0000:98:00.0: reg 0x18: [io  0xc020-0xc03f]
[Fri Jun 21 14:49:27 2024] pci 0000:98:00.0: reg 0x1c: [mem 0xdba04000-0xdba07fff]
[Fri Jun 21 14:49:27 2024] pci 0000:98:00.0: reg 0x30: [mem 0xdb900000-0xdb97ffff pref]
[Fri Jun 21 14:49:27 2024] pci 0000:98:00.0: PME# supported from D0 D3hot D3cold
[Fri Jun 21 14:49:27 2024] pci 0000:98:00.0: reg 0x184: [mem 0x206fffe60000-0x206fffe63fff 64bit pref]
[Fri Jun 21 14:49:27 2024] pci 0000:98:00.0: VF(n) BAR0 space: [mem 0x206fffe60000-0x206fffe7ffff 64bit pref] (contains BAR0 for 8 VFs)
[Fri Jun 21 14:49:27 2024] pci 0000:98:00.0: reg 0x190: [mem 0x206fffe40000-0x206fffe43fff 64bit pref]
[Fri Jun 21 14:49:27 2024] pci 0000:98:00.0: VF(n) BAR3 space: [mem 0x206fffe40000-0x206fffe5ffff 64bit pref] (contains BAR3 for 8 VFs)
[Fri Jun 21 14:49:27 2024] pci 0000:98:00.1: [8086:1521] type 00 class 0x020000
[Fri Jun 21 14:49:27 2024] pci 0000:98:00.1: reg 0x10: [mem 0xdb880000-0xdb8fffff]
[Fri Jun 21 14:49:27 2024] pci 0000:98:00.1: reg 0x18: [io  0xc000-0xc01f]
[Fri Jun 21 14:49:27 2024] pci 0000:98:00.1: reg 0x1c: [mem 0xdba00000-0xdba03fff]
[Fri Jun 21 14:49:27 2024] pci 0000:98:00.1: reg 0x30: [mem 0xdb800000-0xdb87ffff pref]
[Fri Jun 21 14:49:27 2024] pci 0000:98:00.1: PME# supported from D0 D3hot D3cold
[Fri Jun 21 14:49:27 2024] pci 0000:98:00.1: reg 0x184: [mem 0x206fffe20000-0x206fffe23fff 64bit pref]
[Fri Jun 21 14:49:27 2024] pci 0000:98:00.1: VF(n) BAR0 space: [mem 0x206fffe20000-0x206fffe3ffff 64bit pref] (contains BAR0 for 8 VFs)
[Fri Jun 21 14:49:27 2024] pci 0000:98:00.1: reg 0x190: [mem 0x206fffe00000-0x206fffe03fff 64bit pref]
[Fri Jun 21 14:49:27 2024] pci 0000:98:00.1: VF(n) BAR3 space: [mem 0x206fffe00000-0x206fffe1ffff 64bit pref] (contains BAR3 for 8 VFs)
[Fri Jun 21 14:49:27 2024] pci 0000:97:02.0: PCI bridge to [bus 98]
[Fri Jun 21 14:49:27 2024] pci 0000:97:02.0:   bridge window [io  0xc000-0xcfff]
[Fri Jun 21 14:49:27 2024] pci 0000:97:02.0:   bridge window [mem 0xdb800000-0xdbafffff]
[Fri Jun 21 14:49:27 2024] pci 0000:97:02.0:   bridge window [mem 0x206fffe00000-0x206fffefffff 64bit pref]
[Fri Jun 21 14:49:27 2024] pci_bus 0000:97: on NUMA node 1
[Fri Jun 21 14:49:27 2024] ACPI: PCI Root Bridge [PC08] (domain 0000 [bus b0-c8])
[Fri Jun 21 14:49:27 2024] acpi PNP0A08:0a: _OSC: OS supports [ExtendedConfig ASPM ClockPM Segments MSI]
[Fri Jun 21 14:49:27 2024] acpi PNP0A08:0a: PCIe AER handled by firmware
[Fri Jun 21 14:49:27 2024] acpi PNP0A08:0a: _OSC: OS now controls [PCIeHotplug PME PCIeCapability]
[Fri Jun 21 14:49:27 2024] acpi PNP0A08:0a: FADT indicates ASPM is unsupported, using BIOS configuration
[Fri Jun 21 14:49:27 2024] PCI host bridge to bus 0000:b0
[Fri Jun 21 14:49:27 2024] pci_bus 0000:b0: root bus resource [bus b0-c8]
[Fri Jun 21 14:49:27 2024] pci_bus 0000:b0: root bus resource [io  0xd000-0xdfff window]
[Fri Jun 21 14:49:27 2024] pci_bus 0000:b0: root bus resource [mem 0xdbc00000-0xe67fffff window]
[Fri Jun 21 14:49:27 2024] pci_bus 0000:b0: root bus resource [mem 0x207000000000-0x207fffffffff window]
[Fri Jun 21 14:49:27 2024] pci 0000:b0:00.0: [8086:09a2] type 00 class 0x088000
[Fri Jun 21 14:49:27 2024] pci 0000:b0:00.1: [8086:09a4] type 00 class 0x088000
[Fri Jun 21 14:49:27 2024] pci 0000:b0:00.2: [8086:09a3] type 00 class 0x088000
[Fri Jun 21 14:49:27 2024] pci 0000:b0:00.4: [8086:0998] type 00 class 0x060000
[Fri Jun 21 14:49:27 2024] pci 0000:b0:02.0: [8086:347a] type 01 class 0x060400
[Fri Jun 21 14:49:27 2024] pci 0000:b0:02.0: reg 0x10: [mem 0x207ffff00000-0x207ffff1ffff 64bit]
[Fri Jun 21 14:49:27 2024] pci 0000:b0:02.0: PME# supported from D0 D3hot D3cold
[Fri Jun 21 14:49:27 2024] pci 0000:b0:02.0: System wakeup disabled by ACPI
[Fri Jun 21 14:49:27 2024] pci 0000:b1:00.0: [15b3:1015] type 00 class 0x020000
[Fri Jun 21 14:49:27 2024] pci 0000:b1:00.0: reg 0x10: [mem 0x207ffc000000-0x207ffdffffff 64bit pref]
[Fri Jun 21 14:49:27 2024] pci 0000:b1:00.0: reg 0x30: [mem 0xe6600000-0xe66fffff pref]
[Fri Jun 21 14:49:27 2024] pci 0000:b1:00.0: PME# supported from D3cold
[Fri Jun 21 14:49:27 2024] pci 0000:b1:00.0: reg 0x1a4: [mem 0x207ffe800000-0x207ffe8fffff 64bit pref]
[Fri Jun 21 14:49:27 2024] pci 0000:b1:00.0: VF(n) BAR0 space: [mem 0x207ffe800000-0x207ffeffffff 64bit pref] (contains BAR0 for 8 VFs)
[Fri Jun 21 14:49:27 2024] pci 0000:b1:00.1: [15b3:1015] type 00 class 0x020000
[Fri Jun 21 14:49:27 2024] pci 0000:b1:00.1: reg 0x10: [mem 0x207ffa000000-0x207ffbffffff 64bit pref]
[Fri Jun 21 14:49:27 2024] pci 0000:b1:00.1: reg 0x30: [mem 0xe6500000-0xe65fffff pref]
[Fri Jun 21 14:49:27 2024] pci 0000:b1:00.1: PME# supported from D3cold
[Fri Jun 21 14:49:27 2024] pci 0000:b1:00.1: reg 0x1a4: [mem 0x207ffe000000-0x207ffe0fffff 64bit pref]
[Fri Jun 21 14:49:27 2024] pci 0000:b1:00.1: VF(n) BAR0 space: [mem 0x207ffe000000-0x207ffe7fffff 64bit pref] (contains BAR0 for 8 VFs)
[Fri Jun 21 14:49:27 2024] pci 0000:b0:02.0: PCI bridge to [bus b1]
[Fri Jun 21 14:49:27 2024] pci 0000:b0:02.0:   bridge window [mem 0xe6500000-0xe66fffff]
[Fri Jun 21 14:49:27 2024] pci 0000:b0:02.0:   bridge window [mem 0x207ffa000000-0x207ffeffffff 64bit pref]
[Fri Jun 21 14:49:27 2024] pci_bus 0000:b0: on NUMA node 1
[Fri Jun 21 14:49:27 2024] ACPI: PCI Root Bridge [PC10] (domain 0000 [bus c9-e1])
[Fri Jun 21 14:49:27 2024] acpi PNP0A08:0c: _OSC: OS supports [ExtendedConfig ASPM ClockPM Segments MSI]
[Fri Jun 21 14:49:27 2024] acpi PNP0A08:0c: PCIe AER handled by firmware
[Fri Jun 21 14:49:27 2024] acpi PNP0A08:0c: _OSC: OS now controls [PCIeHotplug PME PCIeCapability]
[Fri Jun 21 14:49:27 2024] acpi PNP0A08:0c: FADT indicates ASPM is unsupported, using BIOS configuration
[Fri Jun 21 14:49:27 2024] PCI host bridge to bus 0000:c9
[Fri Jun 21 14:49:27 2024] pci_bus 0000:c9: root bus resource [bus c9-e1]
[Fri Jun 21 14:49:27 2024] pci_bus 0000:c9: root bus resource [io  0xe000-0xefff window]
[Fri Jun 21 14:49:27 2024] pci_bus 0000:c9: root bus resource [mem 0xe6800000-0xf13fffff window]
[Fri Jun 21 14:49:27 2024] pci_bus 0000:c9: root bus resource [mem 0x208000000000-0x208fffffffff window]
[Fri Jun 21 14:49:27 2024] pci 0000:c9:00.0: [8086:09a2] type 00 class 0x088000
[Fri Jun 21 14:49:27 2024] pci 0000:c9:00.1: [8086:09a4] type 00 class 0x088000
[Fri Jun 21 14:49:27 2024] pci 0000:c9:00.2: [8086:09a3] type 00 class 0x088000
[Fri Jun 21 14:49:27 2024] pci 0000:c9:00.4: [8086:0998] type 00 class 0x060000
[Fri Jun 21 14:49:27 2024] pci_bus 0000:c9: on NUMA node 1
[Fri Jun 21 14:49:27 2024] ACPI: PCI Root Bridge [PC11] (domain 0000 [bus e2-fa])
[Fri Jun 21 14:49:27 2024] acpi PNP0A08:0d: _OSC: OS supports [ExtendedConfig ASPM ClockPM Segments MSI]
[Fri Jun 21 14:49:27 2024] acpi PNP0A08:0d: PCIe AER handled by firmware
[Fri Jun 21 14:49:27 2024] acpi PNP0A08:0d: _OSC: OS now controls [PCIeHotplug PME PCIeCapability]
[Fri Jun 21 14:49:27 2024] acpi PNP0A08:0d: FADT indicates ASPM is unsupported, using BIOS configuration
[Fri Jun 21 14:49:27 2024] PCI host bridge to bus 0000:e2
[Fri Jun 21 14:49:27 2024] pci_bus 0000:e2: root bus resource [bus e2-fa]
[Fri Jun 21 14:49:27 2024] pci_bus 0000:e2: root bus resource [io  0xf000-0xffff window]
[Fri Jun 21 14:49:27 2024] pci_bus 0000:e2: root bus resource [mem 0xf1400000-0xfb7fffff window]
[Fri Jun 21 14:49:27 2024] pci_bus 0000:e2: root bus resource [mem 0x209000000000-0x209fffffffff window]
[Fri Jun 21 14:49:27 2024] pci 0000:e2:00.0: [8086:09a2] type 00 class 0x088000
[Fri Jun 21 14:49:27 2024] pci 0000:e2:00.1: [8086:09a4] type 00 class 0x088000
[Fri Jun 21 14:49:27 2024] pci 0000:e2:00.2: [8086:09a3] type 00 class 0x088000
[Fri Jun 21 14:49:27 2024] pci 0000:e2:00.4: [8086:0998] type 00 class 0x060000
[Fri Jun 21 14:49:27 2024] pci 0000:e2:02.0: [8086:347a] type 01 class 0x060400
[Fri Jun 21 14:49:27 2024] pci 0000:e2:02.0: reg 0x10: [mem 0x209ffff60000-0x209ffff7ffff 64bit]
[Fri Jun 21 14:49:27 2024] pci 0000:e2:02.0: PME# supported from D0 D3hot D3cold
[Fri Jun 21 14:49:27 2024] pci 0000:e2:02.0: System wakeup disabled by ACPI
[Fri Jun 21 14:49:27 2024] pci 0000:e2:03.0: [8086:347b] type 01 class 0x060400
[Fri Jun 21 14:49:27 2024] pci 0000:e2:03.0: reg 0x10: [mem 0x209ffff40000-0x209ffff5ffff 64bit]
[Fri Jun 21 14:49:27 2024] pci 0000:e2:03.0: PME# supported from D0 D3hot D3cold
[Fri Jun 21 14:49:27 2024] pci 0000:e2:03.0: System wakeup disabled by ACPI
[Fri Jun 21 14:49:27 2024] pci 0000:e2:04.0: [8086:347c] type 01 class 0x060400
[Fri Jun 21 14:49:27 2024] pci 0000:e2:04.0: reg 0x10: [mem 0x209ffff20000-0x209ffff3ffff 64bit]
[Fri Jun 21 14:49:27 2024] pci 0000:e2:04.0: PME# supported from D0 D3hot D3cold
[Fri Jun 21 14:49:27 2024] pci 0000:e2:04.0: System wakeup disabled by ACPI
[Fri Jun 21 14:49:27 2024] pci 0000:e2:05.0: [8086:347d] type 01 class 0x060400
[Fri Jun 21 14:49:27 2024] pci 0000:e2:05.0: reg 0x10: [mem 0x209ffff00000-0x209ffff1ffff 64bit]
[Fri Jun 21 14:49:27 2024] pci 0000:e2:05.0: PME# supported from D0 D3hot D3cold
[Fri Jun 21 14:49:27 2024] pci 0000:e2:05.0: System wakeup disabled by ACPI
[Fri Jun 21 14:49:27 2024] pci 0000:e3:00.0: [144d:a80a] type 00 class 0x010802
[Fri Jun 21 14:49:27 2024] pci 0000:e3:00.0: reg 0x10: [mem 0xfb610000-0xfb613fff 64bit]
[Fri Jun 21 14:49:27 2024] pci 0000:e3:00.0: reg 0x30: [mem 0xfb600000-0xfb60ffff pref]
[Fri Jun 21 14:49:27 2024] pci 0000:e2:02.0: PCI bridge to [bus e3]
[Fri Jun 21 14:49:27 2024] pci 0000:e2:02.0:   bridge window [mem 0xfb600000-0xfb6fffff]
[Fri Jun 21 14:49:27 2024] pci 0000:e2:02.0:   bridge window [mem 0x209fffd00000-0x209fffefffff 64bit pref]
[Fri Jun 21 14:49:27 2024] pci 0000:e4:00.0: [144d:a80a] type 00 class 0x010802
[Fri Jun 21 14:49:27 2024] pci 0000:e4:00.0: reg 0x10: [mem 0xfb510000-0xfb513fff 64bit]
[Fri Jun 21 14:49:27 2024] pci 0000:e4:00.0: reg 0x30: [mem 0xfb500000-0xfb50ffff pref]
[Fri Jun 21 14:49:27 2024] pci 0000:e2:03.0: PCI bridge to [bus e4]
[Fri Jun 21 14:49:27 2024] pci 0000:e2:03.0:   bridge window [mem 0xfb500000-0xfb5fffff]
[Fri Jun 21 14:49:27 2024] pci 0000:e2:03.0:   bridge window [mem 0x209fffb00000-0x209fffcfffff 64bit pref]
[Fri Jun 21 14:49:27 2024] pci 0000:e5:00.0: [144d:a80a] type 00 class 0x010802
[Fri Jun 21 14:49:27 2024] pci 0000:e5:00.0: reg 0x10: [mem 0xfb410000-0xfb413fff 64bit]
[Fri Jun 21 14:49:27 2024] pci 0000:e5:00.0: reg 0x30: [mem 0xfb400000-0xfb40ffff pref]
[Fri Jun 21 14:49:27 2024] pci 0000:e2:04.0: PCI bridge to [bus e5]
[Fri Jun 21 14:49:27 2024] pci 0000:e2:04.0:   bridge window [mem 0xfb400000-0xfb4fffff]
[Fri Jun 21 14:49:27 2024] pci 0000:e2:04.0:   bridge window [mem 0x209fff900000-0x209fffafffff 64bit pref]
[Fri Jun 21 14:49:27 2024] pci 0000:e6:00.0: [144d:a80a] type 00 class 0x010802
[Fri Jun 21 14:49:27 2024] pci 0000:e6:00.0: reg 0x10: [mem 0xfb310000-0xfb313fff 64bit]
[Fri Jun 21 14:49:27 2024] pci 0000:e6:00.0: reg 0x30: [mem 0xfb300000-0xfb30ffff pref]
[Fri Jun 21 14:49:27 2024] pci 0000:e2:05.0: PCI bridge to [bus e6]
[Fri Jun 21 14:49:27 2024] pci 0000:e2:05.0:   bridge window [mem 0xfb300000-0xfb3fffff]
[Fri Jun 21 14:49:27 2024] pci 0000:e2:05.0:   bridge window [mem 0x209fff700000-0x209fff8fffff 64bit pref]
[Fri Jun 21 14:49:27 2024] pci_bus 0000:e2: on NUMA node 1
[Fri Jun 21 14:49:27 2024] ACPI: PCI Interrupt Link [LNKA] (IRQs 3 4 5 6 7 10 *11 12 14 15)
[Fri Jun 21 14:49:27 2024] ACPI: PCI Interrupt Link [LNKB] (IRQs 3 4 5 6 7 *10 11 12 14 15)
[Fri Jun 21 14:49:27 2024] ACPI: PCI Interrupt Link [LNKC] (IRQs 3 4 5 6 10 *11 12 14 15)
[Fri Jun 21 14:49:27 2024] ACPI: PCI Interrupt Link [LNKD] (IRQs 3 4 5 6 10 *11 12 14 15)
[Fri Jun 21 14:49:27 2024] ACPI: PCI Interrupt Link [LNKE] (IRQs 3 4 5 6 7 10 *11 12 14 15)
[Fri Jun 21 14:49:27 2024] ACPI: PCI Interrupt Link [LNKF] (IRQs 3 4 5 6 7 10 *11 12 14 15)
[Fri Jun 21 14:49:27 2024] ACPI: PCI Interrupt Link [LNKG] (IRQs 3 4 5 6 7 10 *11 12 14 15)
[Fri Jun 21 14:49:27 2024] ACPI: PCI Interrupt Link [LNKH] (IRQs 3 4 5 6 7 10 *11 12 14 15)
[Fri Jun 21 14:49:27 2024] ACPI: Enabled 3 GPEs in block 00 to 7F
[Fri Jun 21 14:49:27 2024] vgaarb: device added: PCI:0000:03:00.0,decodes=io+mem,owns=io+mem,locks=none
[Fri Jun 21 14:49:27 2024] vgaarb: loaded
[Fri Jun 21 14:49:27 2024] vgaarb: bridge control possible 0000:03:00.0
[Fri Jun 21 14:49:27 2024] SCSI subsystem initialized
[Fri Jun 21 14:49:27 2024] ACPI: bus type USB registered
[Fri Jun 21 14:49:27 2024] usbcore: registered new interface driver usbfs
[Fri Jun 21 14:49:27 2024] usbcore: registered new interface driver hub
[Fri Jun 21 14:49:27 2024] usbcore: registered new device driver usb
